Component: ARM Compiler 6.12 Tool: armlink [5d624300]

==============================================================================

Section Cross References

    startup_stm32f103xb.o(RESET) refers to startup_stm32f103xb.o(STACK) for __initial_sp
    startup_stm32f103xb.o(RESET) refers to startup_stm32f103xb.o(.text) for Reset_Handler
    startup_stm32f103xb.o(RESET) refers to stm32f1xx_it.o(.text.NMI_Handler) for NMI_Handler
    startup_stm32f103xb.o(RESET) refers to stm32f1xx_it.o(.text.HardFault_Handler) for HardFault_Handler
    startup_stm32f103xb.o(RESET) refers to stm32f1xx_it.o(.text.MemManage_Handler) for MemManage_Handler
    startup_stm32f103xb.o(RESET) refers to stm32f1xx_it.o(.text.BusFault_Handler) for BusFault_Handler
    startup_stm32f103xb.o(RESET) refers to stm32f1xx_it.o(.text.UsageFault_Handler) for UsageFault_Handler
    startup_stm32f103xb.o(RESET) refers to stm32f1xx_it.o(.text.SVC_Handler) for SVC_Handler
    startup_stm32f103xb.o(RESET) refers to stm32f1xx_it.o(.text.DebugMon_Handler) for DebugMon_Handler
    startup_stm32f103xb.o(RESET) refers to stm32f1xx_it.o(.text.PendSV_Handler) for PendSV_Handler
    startup_stm32f103xb.o(RESET) refers to stm32f1xx_it.o(.text.SysTick_Handler) for SysTick_Handler
    startup_stm32f103xb.o(RESET) refers to stm32f1xx_it.o(.text.USART1_IRQHandler) for USART1_IRQHandler
    startup_stm32f103xb.o(RESET) refers to stm32f1xx_it.o(.text.USART3_IRQHandler) for USART3_IRQHandler
    startup_stm32f103xb.o(RESET) refers to stm32f1xx_it.o(.text.EXTI15_10_IRQHandler) for EXTI15_10_IRQHandler
    startup_stm32f103xb.o(.text) refers to system_stm32f1xx.o(.text.SystemInit) for SystemInit
    startup_stm32f103xb.o(.text) refers to entry.o(.ARM.Collect$$$$00000000) for __main
    usr_oled.o(.text.OLED_usr_init) refers to oled.o(.text.OLED_Init) for OLED_Init
    usr_oled.o(.text.OLED_usr_init) refers to oled.o(.text.OLED_Clear) for OLED_Clear
    usr_oled.o(.ARM.exidx.text.OLED_usr_init) refers to usr_oled.o(.text.OLED_usr_init) for [Anonymous Symbol]
    usr_oled.o(.text.OLED_show_UI) refers to oled.o(.text.OLED_ShowString) for OLED_ShowString
    usr_oled.o(.ARM.exidx.text.OLED_show_UI) refers to usr_oled.o(.text.OLED_show_UI) for [Anonymous Symbol]
    usr_oled.o(.text.OLED_show_selecter) refers to oled.o(.text.OLED_ShowString) for OLED_ShowString
    usr_oled.o(.text.OLED_show_selecter) refers to usr_oled.o(.rodata.str1.1) for .L.str.5
    usr_oled.o(.ARM.exidx.text.OLED_show_selecter) refers to usr_oled.o(.text.OLED_show_selecter) for [Anonymous Symbol]
    usr_oled.o(.text.OLED_show_subselecter) refers to oled.o(.text.OLED_ShowString) for OLED_ShowString
    usr_oled.o(.text.OLED_show_subselecter) refers to usr_oled.o(.rodata.str1.1) for .L.str.5
    usr_oled.o(.ARM.exidx.text.OLED_show_subselecter) refers to usr_oled.o(.text.OLED_show_subselecter) for [Anonymous Symbol]
    usr_oled.o(.text.OLED_show_OV) refers to usr_oled.o(.text.OLED_Clear_OV) for OLED_Clear_OV
    usr_oled.o(.text.OLED_show_OV) refers to oled.o(.text.OLED_ShowNum) for OLED_ShowNum
    usr_oled.o(.text.OLED_show_OV) refers to oled.o(.text.OLED_ShowString) for OLED_ShowString
    usr_oled.o(.ARM.exidx.text.OLED_show_OV) refers to usr_oled.o(.text.OLED_show_OV) for [Anonymous Symbol]
    usr_oled.o(.text.OLED_Clear_OV) refers to usr_oled.o(.rodata.str1.1) for .L.str.9
    usr_oled.o(.text.OLED_Clear_OV) refers to oled.o(.text.OLED_ShowString) for OLED_ShowString
    usr_oled.o(.ARM.exidx.text.OLED_Clear_OV) refers to usr_oled.o(.text.OLED_Clear_OV) for [Anonymous Symbol]
    usr_oled.o(.text.OLED_show_data) refers to oled.o(.text.OLED_ShowString) for OLED_ShowString
    usr_oled.o(.text.OLED_show_data) refers to fmul.o(.text) for __aeabi_fmul
    usr_oled.o(.text.OLED_show_data) refers to ffixui.o(.text) for __aeabi_f2uiz
    usr_oled.o(.text.OLED_show_data) refers to usr_oled.o(.rodata.str1.1) for .L.str.10
    usr_oled.o(.text.OLED_show_data) refers to oled.o(.text.OLED_ShowNum) for OLED_ShowNum
    usr_oled.o(.ARM.exidx.text.OLED_show_data) refers to usr_oled.o(.text.OLED_show_data) for [Anonymous Symbol]
    usr_oled.o(.text.OLED_show_TH) refers to oled.o(.text.OLED_ShowString) for OLED_ShowString
    usr_oled.o(.text.OLED_show_TH) refers to oled.o(.text.OLED_ShowNum) for OLED_ShowNum
    usr_oled.o(.text.OLED_show_TH) refers to usr_oled.o(.rodata.str1.1) for .L.str.11
    usr_oled.o(.ARM.exidx.text.OLED_show_TH) refers to usr_oled.o(.text.OLED_show_TH) for [Anonymous Symbol]
    zb_usr.o(.text.ZB_init_USR) refers to stm32f1xx_hal.o(.text.HAL_Delay) for HAL_Delay
    zb_usr.o(.text.ZB_init_USR) refers to main.o(.bss..L_MergedGlobals) for huart3
    zb_usr.o(.text.ZB_init_USR) refers to stm32f1xx_hal_uart.o(.text.HAL_UART_Transmit) for HAL_UART_Transmit
    zb_usr.o(.ARM.exidx.text.ZB_init_USR) refers to zb_usr.o(.text.ZB_init_USR) for [Anonymous Symbol]
    tasks.o(.text.fputc) refers to stm32f1xx_hal_uart.o(.text.HAL_UART_Transmit) for HAL_UART_Transmit
[...]
    Removing stm32f1xx_hal_flash.o(.ARM.exidx.text.HAL_FLASH_Program), (8 bytes).
    Removing stm32f1xx_hal_flash.o(.text.FLASH_WaitForLastOperation), (88 bytes).
    Removing stm32f1xx_hal_flash.o(.ARM.exidx.text.FLASH_WaitForLastOperation), (8 bytes).
    Removing stm32f1xx_hal_flash.o(.text.HAL_FLASH_Program_IT), (100 bytes).
    Removing stm32f1xx_hal_flash.o(.ARM.exidx.text.HAL_FLASH_Program_IT), (8 bytes).
    Removing stm32f1xx_hal_flash.o(.text.HAL_FLASH_IRQHandler), (296 bytes).
    Removing stm32f1xx_hal_flash.o(.ARM.exidx.text.HAL_FLASH_IRQHandler), (8 bytes).
    Removing stm32f1xx_hal_flash.o(.text.FLASH_SetErrorCode), (80 bytes).
    Removing stm32f1xx_hal_flash.o(.ARM.exidx.text.FLASH_SetErrorCode), (8 bytes).
    Removing stm32f1xx_hal_flash.o(.text.HAL_FLASH_OperationErrorCallback), (2 bytes).
    Removing stm32f1xx_hal_flash.o(.ARM.exidx.text.HAL_FLASH_OperationErrorCallback), (8 bytes).
    Removing stm32f1xx_hal_flash.o(.text.HAL_FLASH_EndOfOperationCallback), (2 bytes).
    Removing stm32f1xx_hal_flash.o(.ARM.exidx.text.HAL_FLASH_EndOfOperationCallback), (8 bytes).
    Removing stm32f1xx_hal_flash.o(.text.HAL_FLASH_Unlock), (40 bytes).
    Removing stm32f1xx_hal_flash.o(.ARM.exidx.text.HAL_FLASH_Unlock), (8 bytes).
    Removing stm32f1xx_hal_flash.o(.text.HAL_FLASH_Lock), (20 bytes).
    Removing stm32f1xx_hal_flash.o(.ARM.exidx.text.HAL_FLASH_Lock), (8 bytes).
    Removing stm32f1xx_hal_flash.o(.text.HAL_FLASH_OB_Unlock), (36 bytes).
    Removing stm32f1xx_hal_flash.o(.ARM.exidx.text.HAL_FLASH_OB_Unlock), (8 bytes).
    Removing stm32f1xx_hal_flash.o(.text.HAL_FLASH_OB_Lock), (20 bytes).
    Removing stm32f1xx_hal_flash.o(.ARM.exidx.text.HAL_FLASH_OB_Lock), (8 bytes).
    Removing stm32f1xx_hal_flash.o(.text.HAL_FLASH_OB_Launch), (4 bytes).
    Removing stm32f1xx_hal_flash.o(.ARM.exidx.text.HAL_FLASH_OB_Launch), (8 bytes).
    Removing stm32f1xx_hal_flash.o(.text.HAL_FLASH_GetError), (12 bytes).
    Removing stm32f1xx_hal_flash.o(.ARM.exidx.text.HAL_FLASH_GetError), (8 bytes).
    Removing stm32f1xx_hal_flash.o(.bss.pFlash), (32 bytes).
    Removing stm32f1xx_hal_flash_ex.o(.text), (0 bytes).
    Removing stm32f1xx_hal_flash_ex.o(.text.HAL_FLASHEx_Erase), (160 bytes).
    Removing stm32f1xx_hal_flash_ex.o(.ARM.exidx.text.HAL_FLASHEx_Erase), (8 bytes).
    Removing stm32f1xx_hal_flash_ex.o(.text.FLASH_MassErase), (36 bytes).
    Removing stm32f1xx_hal_flash_ex.o(.ARM.exidx.text.FLASH_MassErase), (8 bytes).
    Removing stm32f1xx_hal_flash_ex.o(.text.FLASH_PageErase), (36 bytes).
    Removing stm32f1xx_hal_flash_ex.o(.ARM.exidx.text.FLASH_PageErase), (8 bytes).
    Removing stm32f1xx_hal_flash_ex.o(.text.HAL_FLASHEx_Erase_IT), (80 bytes).
    Removing stm32f1xx_hal_flash_ex.o(.ARM.exidx.text.HAL_FLASHEx_Erase_IT), (8 bytes).
    Removing stm32f1xx_hal_flash_ex.o(.text.HAL_FLASHEx_OBErase), (88 bytes).
    Removing stm32f1xx_hal_flash_ex.o(.ARM.exidx.text.HAL_FLASHEx_OBErase), (8 bytes).
    Removing stm32f1xx_hal_flash_ex.o(.text.FLASH_OB_RDP_LevelConfig), (104 bytes).
    Removing stm32f1xx_hal_flash_ex.o(.ARM.exidx.text.FLASH_OB_RDP_LevelConfig), (8 bytes).
    Removing stm32f1xx_hal_flash_ex.o(.text.HAL_FLASHEx_OBProgram), (552 bytes).
    Removing stm32f1xx_hal_flash_ex.o(.ARM.exidx.text.HAL_FLASHEx_OBProgram), (8 bytes).
    Removing stm32f1xx_hal_flash_ex.o(.text.HAL_FLASHEx_OBGetConfig), (40 bytes).
    Removing stm32f1xx_hal_flash_ex.o(.ARM.exidx.text.HAL_FLASHEx_OBGetConfig), (8 bytes).
    Removing stm32f1xx_hal_flash_ex.o(.text.HAL_FLASHEx_OBGetUserData), (28 bytes).
    Removing stm32f1xx_hal_flash_ex.o(.ARM.exidx.text.HAL_FLASHEx_OBGetUserData), (8 bytes).
    Removing stm32f1xx_hal_exti.o(.text), (0 bytes).
    Removing stm32f1xx_hal_exti.o(.text.HAL_EXTI_SetConfigLine), (156 bytes).
    Removing stm32f1xx_hal_exti.o(.ARM.exidx.text.HAL_EXTI_SetConfigLine), (8 bytes).
    Removing stm32f1xx_hal_exti.o(.text.HAL_EXTI_GetConfigLine), (136 bytes).
    Removing stm32f1xx_hal_exti.o(.ARM.exidx.text.HAL_EXTI_GetConfigLine), (8 bytes).
    Removing stm32f1xx_hal_exti.o(.text.HAL_EXTI_ClearConfigLine), (116 bytes).
    Removing stm32f1xx_hal_exti.o(.ARM.exidx.text.HAL_EXTI_ClearConfigLine), (8 bytes).
    Removing stm32f1xx_hal_exti.o(.text.HAL_EXTI_RegisterCallback), (12 bytes).
    Removing stm32f1xx_hal_exti.o(.ARM.exidx.text.HAL_EXTI_RegisterCallback), (8 bytes).
    Removing stm32f1xx_hal_exti.o(.text.HAL_EXTI_GetHandle), (12 bytes).
    Removing stm32f1xx_hal_exti.o(.ARM.exidx.text.HAL_EXTI_GetHandle), (8 bytes).
    Removing stm32f1xx_hal_exti.o(.text.HAL_EXTI_IRQHandler), (36 bytes).
    Removing stm32f1xx_hal_exti.o(.ARM.exidx.text.HAL_EXTI_IRQHandler), (8 bytes).
    Removing stm32f1xx_hal_exti.o(.text.HAL_EXTI_GetPending), (28 bytes).
    Removing stm32f1xx_hal_exti.o(.ARM.exidx.text.HAL_EXTI_GetPending), (8 bytes).
    Removing stm32f1xx_hal_exti.o(.text.HAL_EXTI_ClearPending), (24 bytes).
    Removing stm32f1xx_hal_exti.o(.ARM.exidx.text.HAL_EXTI_ClearPending), (8 bytes).
    Removing stm32f1xx_hal_exti.o(.text.HAL_EXTI_GenerateSWI), (24 bytes).
    Removing stm32f1xx_hal_exti.o(.ARM.exidx.text.HAL_EXTI_GenerateSWI), (8 bytes).
    Removing stm32f1xx_hal_spi.o(.text), (0 bytes).
    Removing stm32f1xx_hal_spi.o(.ARM.exidx.text.HAL_SPI_Init), (8 bytes).
    Removing stm32f1xx_hal_spi.o(.text.HAL_SPI_MspInit), (2 bytes).
    Removing stm32f1xx_hal_spi.o(.ARM.exidx.text.HAL_SPI_MspInit), (8 bytes).
    Removing stm32f1xx_hal_spi.o(.text.HAL_SPI_DeInit), (46 bytes).
    Removing stm32f1xx_hal_spi.o(.ARM.exidx.text.HAL_SPI_DeInit), (8 bytes).
    Removing stm32f1xx_hal_spi.o(.text.HAL_SPI_MspDeInit), (2 bytes).
    Removing stm32f1xx_hal_spi.o(.ARM.exidx.text.HAL_SPI_MspDeInit), (8 bytes).
    Removing stm32f1xx_hal_spi.o(.ARM.exidx.text.HAL_SPI_Transmit), (8 bytes).
    Removing stm32f1xx_hal_spi.o(.ARM.exidx.text.SPI_EndRxTxTransaction), (8 bytes).
    Removing stm32f1xx_hal_spi.o(.text.HAL_SPI_Receive), (302 bytes).
    Removing stm32f1xx_hal_spi.o(.ARM.exidx.text.HAL_SPI_Receive), (8 bytes).
    Removing stm32f1xx_hal_spi.o(.text.HAL_SPI_TransmitReceive), (468 bytes).
    Removing stm32f1xx_hal_spi.o(.ARM.exidx.text.HAL_SPI_TransmitReceive), (8 bytes).
    Removing stm32f1xx_hal_spi.o(.text.SPI_EndRxTransaction), (82 bytes).
    Removing stm32f1xx_hal_spi.o(.ARM.exidx.text.SPI_EndRxTransaction), (8 bytes).
    Removing stm32f1xx_hal_spi.o(.text.HAL_SPI_Transmit_IT), (144 bytes).
    Removing stm32f1xx_hal_spi.o(.ARM.exidx.text.HAL_SPI_Transmit_IT), (8 bytes).
    Removing stm32f1xx_hal_spi.o(.text.SPI_TxISR_16BIT), (30 bytes).
    Removing stm32f1xx_hal_spi.o(.ARM.exidx.text.SPI_TxISR_16BIT), (8 bytes).
    Removing stm32f1xx_hal_spi.o(.text.SPI_TxISR_8BIT), (32 bytes).
    Removing stm32f1xx_hal_spi.o(.ARM.exidx.text.SPI_TxISR_8BIT), (8 bytes).
    Removing stm32f1xx_hal_spi.o(.text.HAL_SPI_Receive_IT), (180 bytes).
    Removing stm32f1xx_hal_spi.o(.ARM.exidx.text.HAL_SPI_Receive_IT), (8 bytes).
    Removing stm32f1xx_hal_spi.o(.text.HAL_SPI_TransmitReceive_IT), (216 bytes).
    Removing stm32f1xx_hal_spi.o(.ARM.exidx.text.HAL_SPI_TransmitReceive_IT), (8 bytes).
    Removing stm32f1xx_hal_spi.o(.text.SPI_RxISR_16BIT), (30 bytes).
    Removing stm32f1xx_hal_spi.o(.ARM.exidx.text.SPI_RxISR_16BIT), (8 bytes).
    Removing stm32f1xx_hal_spi.o(.text.SPI_RxISR_8BIT), (32 bytes).
    Removing stm32f1xx_hal_spi.o(.ARM.exidx.text.SPI_RxISR_8BIT), (8 bytes).
    Removing stm32f1xx_hal_spi.o(.text.SPI_2linesRxISR_16BIT), (40 bytes).
    Removing stm32f1xx_hal_spi.o(.ARM.exidx.text.SPI_2linesRxISR_16BIT), (8 bytes).
    Removing stm32f1xx_hal_spi.o(.text.SPI_2linesTxISR_16BIT), (40 bytes).
    Removing stm32f1xx_hal_spi.o(.ARM.exidx.text.SPI_2linesTxISR_16BIT), (8 bytes).
    Removing stm32f1xx_hal_spi.o(.text.SPI_2linesRxISR_8BIT), (44 bytes).
    Removing stm32f1xx_hal_spi.o(.ARM.exidx.text.SPI_2linesRxISR_8BIT), (8 bytes).
    Removing stm32f1xx_hal_spi.o(.text.SPI_2linesTxISR_8BIT), (44 bytes).
    Removing stm32f1xx_hal_spi.o(.ARM.exidx.text.SPI_2linesTxISR_8BIT), (8 bytes).
    Removing stm32f1xx_hal_spi.o(.text.HAL_SPI_Transmit_DMA), (184 bytes).
    Removing stm32f1xx_hal_spi.o(.ARM.exidx.text.HAL_SPI_Transmit_DMA), (8 bytes).
    Removing stm32f1xx_hal_spi.o(.text.SPI_DMAHalfTransmitCplt), (6 bytes).
    Removing stm32f1xx_hal_spi.o(.ARM.exidx.text.SPI_DMAHalfTransmitCplt), (8 bytes).
    Removing stm32f1xx_hal_spi.o(.text.SPI_DMATransmitCplt), (110 bytes).
    Removing stm32f1xx_hal_spi.o(.ARM.exidx.text.SPI_DMATransmitCplt), (8 bytes).
    Removing stm32f1xx_hal_spi.o(.text.SPI_DMAError), (30 bytes).
    Removing stm32f1xx_hal_spi.o(.ARM.exidx.text.SPI_DMAError), (8 bytes).
    Removing stm32f1xx_hal_spi.o(.text.HAL_SPI_Receive_DMA), (228 bytes).
    Removing stm32f1xx_hal_spi.o(.ARM.exidx.text.HAL_SPI_Receive_DMA), (8 bytes).
    Removing stm32f1xx_hal_spi.o(.text.HAL_SPI_TransmitReceive_DMA), (268 bytes).
    Removing stm32f1xx_hal_spi.o(.ARM.exidx.text.HAL_SPI_TransmitReceive_DMA), (8 bytes).
    Removing stm32f1xx_hal_spi.o(.text.SPI_DMAHalfReceiveCplt), (6 bytes).
    Removing stm32f1xx_hal_spi.o(.ARM.exidx.text.SPI_DMAHalfReceiveCplt), (8 bytes).
    Removing stm32f1xx_hal_spi.o(.text.SPI_DMAReceiveCplt), (86 bytes).
    Removing stm32f1xx_hal_spi.o(.ARM.exidx.text.SPI_DMAReceiveCplt), (8 bytes).
    Removing stm32f1xx_hal_spi.o(.text.SPI_DMAHalfTransmitReceiveCplt), (6 bytes).
    Removing stm32f1xx_hal_spi.o(.ARM.exidx.text.SPI_DMAHalfTransmitReceiveCplt), (8 bytes).
    Removing stm32f1xx_hal_spi.o(.text.SPI_DMATransmitReceiveCplt), (94 bytes).
    Removing stm32f1xx_hal_spi.o(.ARM.exidx.text.SPI_DMATransmitReceiveCplt), (8 bytes).
    Removing stm32f1xx_hal_spi.o(.text.HAL_SPI_Abort), (276 bytes).
    Removing stm32f1xx_hal_spi.o(.ARM.exidx.text.HAL_SPI_Abort), (8 bytes).
    Removing stm32f1xx_hal_spi.o(.text.SPI_AbortTx_ISR), (26 bytes).
    Removing stm32f1xx_hal_spi.o(.ARM.exidx.text.SPI_AbortTx_ISR), (8 bytes).
    Removing stm32f1xx_hal_spi.o(.text.SPI_AbortRx_ISR), (84 bytes).
    Removing stm32f1xx_hal_spi.o(.ARM.exidx.text.SPI_AbortRx_ISR), (8 bytes).
    Removing stm32f1xx_hal_spi.o(.text.HAL_SPI_Abort_IT), (288 bytes).
    Removing stm32f1xx_hal_spi.o(.ARM.exidx.text.HAL_SPI_Abort_IT), (8 bytes).
    Removing stm32f1xx_hal_spi.o(.text.SPI_DMATxAbortCallback), (116 bytes).
    Removing stm32f1xx_hal_spi.o(.ARM.exidx.text.SPI_DMATxAbortCallback), (8 bytes).
    Removing stm32f1xx_hal_spi.o(.text.SPI_DMARxAbortCallback), (106 bytes).
    Removing stm32f1xx_hal_spi.o(.ARM.exidx.text.SPI_DMARxAbortCallback), (8 bytes).
    Removing stm32f1xx_hal_spi.o(.text.HAL_SPI_AbortCpltCallback), (2 bytes).
    Removing stm32f1xx_hal_spi.o(.ARM.exidx.text.HAL_SPI_AbortCpltCallback), (8 bytes).
    Removing stm32f1xx_hal_spi.o(.text.HAL_SPI_DMAPause), (32 bytes).
    Removing stm32f1xx_hal_spi.o(.ARM.exidx.text.HAL_SPI_DMAPause), (8 bytes).
    Removing stm32f1xx_hal_spi.o(.text.HAL_SPI_DMAResume), (32 bytes).
    Removing stm32f1xx_hal_spi.o(.ARM.exidx.text.HAL_SPI_DMAResume), (8 bytes).
    Removing stm32f1xx_hal_spi.o(.text.HAL_SPI_DMAStop), (68 bytes).
    Removing stm32f1xx_hal_spi.o(.ARM.exidx.text.HAL_SPI_DMAStop), (8 bytes).
    Removing stm32f1xx_hal_spi.o(.text.HAL_SPI_IRQHandler), (244 bytes).
    Removing stm32f1xx_hal_spi.o(.ARM.exidx.text.HAL_SPI_IRQHandler), (8 bytes).
    Removing stm32f1xx_hal_spi.o(.text.SPI_DMAAbortOnError), (12 bytes).
    Removing stm32f1xx_hal_spi.o(.ARM.exidx.text.SPI_DMAAbortOnError), (8 bytes).
    Removing stm32f1xx_hal_spi.o(.text.HAL_SPI_ErrorCallback), (2 bytes).
    Removing stm32f1xx_hal_spi.o(.ARM.exidx.text.HAL_SPI_ErrorCallback), (8 bytes).
    Removing stm32f1xx_hal_spi.o(.text.HAL_SPI_TxCpltCallback), (2 bytes).
    Removing stm32f1xx_hal_spi.o(.ARM.exidx.text.HAL_SPI_TxCpltCallback), (8 bytes).
    Removing stm32f1xx_hal_spi.o(.text.HAL_SPI_RxCpltCallback), (2 bytes).
    Removing stm32f1xx_hal_spi.o(.ARM.exidx.text.HAL_SPI_RxCpltCallback), (8 bytes).
    Removing stm32f1xx_hal_spi.o(.text.HAL_SPI_TxRxCpltCallback), (2 bytes).
    Removing stm32f1xx_hal_spi.o(.ARM.exidx.text.HAL_SPI_TxRxCpltCallback), (8 bytes).
    Removing stm32f1xx_hal_spi.o(.text.HAL_SPI_TxHalfCpltCallback), (2 bytes).
    Removing stm32f1xx_hal_spi.o(.ARM.exidx.text.HAL_SPI_TxHalfCpltCallback), (8 bytes).
    Removing stm32f1xx_hal_spi.o(.text.HAL_SPI_RxHalfCpltCallback), (2 bytes).
    Removing stm32f1xx_hal_spi.o(.ARM.exidx.text.HAL_SPI_RxHalfCpltCallback), (8 bytes).
    Removing stm32f1xx_hal_spi.o(.text.HAL_SPI_TxRxHalfCpltCallback), (2 bytes).
    Removing stm32f1xx_hal_spi.o(.ARM.exidx.text.HAL_SPI_TxRxHalfCpltCallback), (8 bytes).
    Removing stm32f1xx_hal_spi.o(.text.HAL_SPI_GetState), (6 bytes).
    Removing stm32f1xx_hal_spi.o(.ARM.exidx.text.HAL_SPI_GetState), (8 bytes).
    Removing stm32f1xx_hal_spi.o(.text.HAL_SPI_GetError), (4 bytes).
    Removing stm32f1xx_hal_spi.o(.ARM.exidx.text.HAL_SPI_GetError), (8 bytes).
    Removing stm32f1xx_hal_spi.o(.text.SPI_CloseRxTx_ISR), (156 bytes).
    Removing stm32f1xx_hal_spi.o(.ARM.exidx.text.SPI_CloseRxTx_ISR), (8 bytes).
    Removing stm32f1xx_hal_spi.o(.text.SPI_CloseRx_ISR), (88 bytes).
    Removing stm32f1xx_hal_spi.o(.ARM.exidx.text.SPI_CloseRx_ISR), (8 bytes).
    Removing stm32f1xx_hal_spi.o(.text.SPI_CloseTx_ISR), (136 bytes).
    Removing stm32f1xx_hal_spi.o(.ARM.exidx.text.SPI_CloseTx_ISR), (8 bytes).
    Removing stm32f1xx_hal_spi.o(.ARM.exidx.text.SPI_WaitFlagStateUntilTimeout), (8 bytes).
    Removing stm32f1xx_hal_tim.o(.text), (0 bytes).
    Removing stm32f1xx_hal_tim_ex.o(.text), (0 bytes).
    Removing stm32f1xx_hal_uart.o(.text), (0 bytes).
    Removing stm32f1xx_hal_uart.o(.ARM.exidx.text.HAL_UART_Init), (8 bytes).
    Removing stm32f1xx_hal_uart.o(.text.HAL_UART_MspInit), (2 bytes).
    Removing stm32f1xx_hal_uart.o(.ARM.exidx.text.HAL_UART_MspInit), (8 bytes).
    Removing stm32f1xx_hal_uart.o(.ARM.exidx.text.UART_SetConfig), (8 bytes).
    Removing stm32f1xx_hal_uart.o(.text.HAL_HalfDuplex_Init), (100 bytes).
    Removing stm32f1xx_hal_uart.o(.ARM.exidx.text.HAL_HalfDuplex_Init), (8 bytes).
    Removing stm32f1xx_hal_uart.o(.text.HAL_LIN_Init), (116 bytes).
    Removing stm32f1xx_hal_uart.o(.ARM.exidx.text.HAL_LIN_Init), (8 bytes).
    Removing stm32f1xx_hal_uart.o(.text.HAL_MultiProcessor_Init), (124 bytes).
    Removing stm32f1xx_hal_uart.o(.ARM.exidx.text.HAL_MultiProcessor_Init), (8 bytes).
    Removing stm32f1xx_hal_uart.o(.text.HAL_UART_DeInit), (50 bytes).
    Removing stm32f1xx_hal_uart.o(.ARM.exidx.text.HAL_UART_DeInit), (8 bytes).
    Removing stm32f1xx_hal_uart.o(.text.HAL_UART_MspDeInit), (2 bytes).
    Removing stm32f1xx_hal_uart.o(.ARM.exidx.text.HAL_UART_MspDeInit), (8 bytes).
    Removing stm32f1xx_hal_uart.o(.ARM.exidx.text.HAL_UART_Transmit), (8 bytes).
    Removing stm32f1xx_hal_uart.o(.ARM.exidx.text.UART_WaitOnFlagUntilTimeout), (8 bytes).
    Removing stm32f1xx_hal_uart.o(.ARM.exidx.text.HAL_UART_Receive), (8 bytes).
    Removing stm32f1xx_hal_uart.o(.text.HAL_UART_Transmit_IT), (60 bytes).
    Removing stm32f1xx_hal_uart.o(.ARM.exidx.text.HAL_UART_Transmit_IT), (8 bytes).
    Removing stm32f1xx_hal_uart.o(.ARM.exidx.text.HAL_UART_Receive_IT), (8 bytes).
    Removing stm32f1xx_hal_uart.o(.text.HAL_UART_Transmit_DMA), (120 bytes).
    Removing stm32f1xx_hal_uart.o(.ARM.exidx.text.HAL_UART_Transmit_DMA), (8 bytes).
    Removing stm32f1xx_hal_uart.o(.text.UART_DMATransmitCplt), (38 bytes).
    Removing stm32f1xx_hal_uart.o(.ARM.exidx.text.UART_DMATransmitCplt), (8 bytes).
    Removing stm32f1xx_hal_uart.o(.text.UART_DMATxHalfCplt), (6 bytes).
    Removing stm32f1xx_hal_uart.o(.ARM.exidx.text.UART_DMATxHalfCplt), (8 bytes).
    Removing stm32f1xx_hal_uart.o(.text.UART_DMAError), (84 bytes).
    Removing stm32f1xx_hal_uart.o(.ARM.exidx.text.UART_DMAError), (8 bytes).
    Removing stm32f1xx_hal_uart.o(.text.HAL_UART_Receive_DMA), (144 bytes).
    Removing stm32f1xx_hal_uart.o(.ARM.exidx.text.HAL_UART_Receive_DMA), (8 bytes).
    Removing stm32f1xx_hal_uart.o(.text.UART_DMAReceiveCplt), (54 bytes).
    Removing stm32f1xx_hal_uart.o(.ARM.exidx.text.UART_DMAReceiveCplt), (8 bytes).
    Removing stm32f1xx_hal_uart.o(.text.UART_DMARxHalfCplt), (6 bytes).
    Removing stm32f1xx_hal_uart.o(.ARM.exidx.text.UART_DMARxHalfCplt), (8 bytes).
    Removing stm32f1xx_hal_uart.o(.text.HAL_UART_DMAPause), (94 bytes).
    Removing stm32f1xx_hal_uart.o(.ARM.exidx.text.HAL_UART_DMAPause), (8 bytes).
    Removing stm32f1xx_hal_uart.o(.text.HAL_UART_DMAResume), (98 bytes).
    Removing stm32f1xx_hal_uart.o(.ARM.exidx.text.HAL_UART_DMAResume), (8 bytes).
    Removing stm32f1xx_hal_uart.o(.text.HAL_UART_DMAStop), (96 bytes).
    Removing stm32f1xx_hal_uart.o(.ARM.exidx.text.HAL_UART_DMAStop), (8 bytes).
    Removing stm32f1xx_hal_uart.o(.ARM.exidx.text.UART_EndRxTransfer), (8 bytes).
    Removing stm32f1xx_hal_uart.o(.text.HAL_UART_Abort), (128 bytes).
    Removing stm32f1xx_hal_uart.o(.ARM.exidx.text.HAL_UART_Abort), (8 bytes).
    Removing stm32f1xx_hal_uart.o(.text.HAL_UART_AbortTransmit), (72 bytes).
    Removing stm32f1xx_hal_uart.o(.ARM.exidx.text.HAL_UART_AbortTransmit), (8 bytes).
    Removing stm32f1xx_hal_uart.o(.text.HAL_UART_AbortReceive), (80 bytes).
    Removing stm32f1xx_hal_uart.o(.ARM.exidx.text.HAL_UART_AbortReceive), (8 bytes).
    Removing stm32f1xx_hal_uart.o(.text.HAL_UART_Abort_IT), (160 bytes).
    Removing stm32f1xx_hal_uart.o(.ARM.exidx.text.HAL_UART_Abort_IT), (8 bytes).
    Removing stm32f1xx_hal_uart.o(.text.UART_DMATxAbortCallback), (38 bytes).
    Removing stm32f1xx_hal_uart.o(.ARM.exidx.text.UART_DMATxAbortCallback), (8 bytes).
    Removing stm32f1xx_hal_uart.o(.text.UART_DMARxAbortCallback), (38 bytes).
    Removing stm32f1xx_hal_uart.o(.ARM.exidx.text.UART_DMARxAbortCallback), (8 bytes).
    Removing stm32f1xx_hal_uart.o(.text.HAL_UART_AbortCpltCallback), (2 bytes).
    Removing stm32f1xx_hal_uart.o(.ARM.exidx.text.HAL_UART_AbortCpltCallback), (8 bytes).
    Removing stm32f1xx_hal_uart.o(.text.HAL_UART_AbortTransmit_IT), (76 bytes).
    Removing stm32f1xx_hal_uart.o(.ARM.exidx.text.HAL_UART_AbortTransmit_IT), (8 bytes).
    Removing stm32f1xx_hal_uart.o(.text.UART_DMATxOnlyAbortCallback), (16 bytes).
    Removing stm32f1xx_hal_uart.o(.ARM.exidx.text.UART_DMATxOnlyAbortCallback), (8 bytes).
    Removing stm32f1xx_hal_uart.o(.text.HAL_UART_AbortTransmitCpltCallback), (2 bytes).
    Removing stm32f1xx_hal_uart.o(.ARM.exidx.text.HAL_UART_AbortTransmitCpltCallback), (8 bytes).
    Removing stm32f1xx_hal_uart.o(.text.HAL_UART_AbortReceive_IT), (84 bytes).
    Removing stm32f1xx_hal_uart.o(.ARM.exidx.text.HAL_UART_AbortReceive_IT), (8 bytes).
    Removing stm32f1xx_hal_uart.o(.text.UART_DMARxOnlyAbortCallback), (16 bytes).
    Removing stm32f1xx_hal_uart.o(.ARM.exidx.text.UART_DMARxOnlyAbortCallback), (8 bytes).
    Removing stm32f1xx_hal_uart.o(.text.HAL_UART_AbortReceiveCpltCallback), (2 bytes).
    Removing stm32f1xx_hal_uart.o(.ARM.exidx.text.HAL_UART_AbortReceiveCpltCallback), (8 bytes).
    Removing stm32f1xx_hal_uart.o(.ARM.exidx.text.HAL_UART_IRQHandler), (8 bytes).
    Removing stm32f1xx_hal_uart.o(.ARM.exidx.text.UART_Receive_IT), (8 bytes).
    Removing stm32f1xx_hal_uart.o(.ARM.exidx.text.UART_DMAAbortOnError), (8 bytes).
    Removing stm32f1xx_hal_uart.o(.ARM.exidx.text.HAL_UART_ErrorCallback), (8 bytes).
    Removing stm32f1xx_hal_uart.o(.ARM.exidx.text.HAL_UART_TxCpltCallback), (8 bytes).
    Removing stm32f1xx_hal_uart.o(.text.HAL_UART_TxHalfCpltCallback), (2 bytes).
    Removing stm32f1xx_hal_uart.o(.ARM.exidx.text.HAL_UART_TxHalfCpltCallback), (8 bytes).
    Removing stm32f1xx_hal_uart.o(.text.HAL_UART_RxCpltCallback), (2 bytes).
    Removing stm32f1xx_hal_uart.o(.ARM.exidx.text.HAL_UART_RxCpltCallback), (8 bytes).
    Removing stm32f1xx_hal_uart.o(.text.HAL_UART_RxHalfCpltCallback), (2 bytes).
    Removing stm32f1xx_hal_uart.o(.ARM.exidx.text.HAL_UART_RxHalfCpltCallback), (8 bytes).
    Removing stm32f1xx_hal_uart.o(.text.HAL_LIN_SendBreak), (44 bytes).
    Removing stm32f1xx_hal_uart.o(.ARM.exidx.text.HAL_LIN_SendBreak), (8 bytes).
    Removing stm32f1xx_hal_uart.o(.text.HAL_MultiProcessor_EnterMuteMode), (44 bytes).
    Removing stm32f1xx_hal_uart.o(.ARM.exidx.text.HAL_MultiProcessor_EnterMuteMode), (8 bytes).
    Removing stm32f1xx_hal_uart.o(.text.HAL_MultiProcessor_ExitMuteMode), (44 bytes).
    Removing stm32f1xx_hal_uart.o(.ARM.exidx.text.HAL_MultiProcessor_ExitMuteMode), (8 bytes).
    Removing stm32f1xx_hal_uart.o(.text.HAL_HalfDuplex_EnableTransmitter), (44 bytes).
    Removing stm32f1xx_hal_uart.o(.ARM.exidx.text.HAL_HalfDuplex_EnableTransmitter), (8 bytes).
    Removing stm32f1xx_hal_uart.o(.text.HAL_HalfDuplex_EnableReceiver), (46 bytes).
    Removing stm32f1xx_hal_uart.o(.ARM.exidx.text.HAL_HalfDuplex_EnableReceiver), (8 bytes).
    Removing stm32f1xx_hal_uart.o(.text.HAL_UART_GetState), (14 bytes).
    Removing stm32f1xx_hal_uart.o(.ARM.exidx.text.HAL_UART_GetState), (8 bytes).
    Removing stm32f1xx_hal_uart.o(.text.HAL_UART_GetError), (4 bytes).
    Removing stm32f1xx_hal_uart.o(.ARM.exidx.text.HAL_UART_GetError), (8 bytes).
    Removing system_stm32f1xx.o(.text), (0 bytes).
    Removing system_stm32f1xx.o(.ARM.exidx.text.SystemInit), (8 bytes).
    Removing system_stm32f1xx.o(.text.SystemCoreClockUpdate), (84 bytes).
    Removing system_stm32f1xx.o(.ARM.exidx.text.SystemCoreClockUpdate), (8 bytes).
    Removing oled.o(.text), (0 bytes).
    Removing oled.o(.ARM.exidx.text.OLED_WR_Byte), (8 bytes).
    Removing oled.o(.ARM.exidx.text.OLED_Set_Pos), (8 bytes).
    Removing oled.o(.text.OLED_Display_On), (32 bytes).
    Removing oled.o(.ARM.exidx.text.OLED_Display_On), (8 bytes).
    Removing oled.o(.text.OLED_Display_Off), (32 bytes).
    Removing oled.o(.ARM.exidx.text.OLED_Display_Off), (8 bytes).
    Removing oled.o(.ARM.exidx.text.OLED_Clear), (8 bytes).
    Removing oled.o(.ARM.exidx.text.OLED_ShowChar), (8 bytes).
    Removing oled.o(.ARM.exidx.text.oled_pow), (8 bytes).
    Removing oled.o(.ARM.exidx.text.OLED_ShowNum), (8 bytes).
    Removing oled.o(.ARM.exidx.text.OLED_ShowString), (8 bytes).
    Removing oled.o(.text.OLED_ShowCHinese), (76 bytes).
    Removing oled.o(.ARM.exidx.text.OLED_ShowCHinese), (8 bytes).
    Removing oled.o(.text.OLED_DrawBMP), (62 bytes).
    Removing oled.o(.ARM.exidx.text.OLED_DrawBMP), (8 bytes).
    Removing oled.o(.ARM.exidx.text.OLED_Init), (8 bytes).
    Removing oled.o(.rodata.F6x8), (552 bytes).
    Removing oled.o(.data.Hzk), (448 bytes).

597 unused section(s) (total 19360 bytes) removed from the image.

==============================================================================

Image Symbol Table

    Local Symbols

    Symbol Name                              Value     Ov Type        Size  Object(Section)

    ../clib/microlib/init/entry.s            0x00000000   Number         0  entry.o ABSOLUTE
    ../clib/microlib/init/entry.s            0x00000000   Number         0  entry2.o ABSOLUTE
    ../clib/microlib/init/entry.s            0x00000000   Number         0  entry5.o ABSOLUTE
    ../clib/microlib/init/entry.s            0x00000000   Number         0  entry7a.o ABSOLUTE
    ../clib/microlib/init/entry.s            0x00000000   Number         0  entry7b.o ABSOLUTE
    ../clib/microlib/init/entry.s            0x00000000   Number         0  entry8a.o ABSOLUTE
    ../clib/microlib/init/entry.s            0x00000000   Number         0  entry8b.o ABSOLUTE
    ../clib/microlib/init/entry.s            0x00000000   Number         0  entry9a.o ABSOLUTE
    ../clib/microlib/init/entry.s            0x00000000   Number         0  entry9b.o ABSOLUTE
    ../clib/microlib/init/entry.s            0x00000000   Number         0  entry10a.o ABSOLUTE
    ../clib/microlib/init/entry.s            0x00000000   Number         0  entry10b.o ABSOLUTE
    ../clib/microlib/init/entry.s            0x00000000   Number         0  entry11a.o ABSOLUTE
    ../clib/microlib/init/entry.s            0x00000000   Number         0  entry11b.o ABSOLUTE
    ../clib/microlib/longlong.c              0x00000000   Number         0  llushr.o ABSOLUTE
    ../clib/microlib/stubs.s                 0x00000000   Number         0  iusefp.o ABSOLUTE
    ../fplib/microlib/fpfix.c                0x00000000   Number         0  ffixi.o ABSOLUTE
    ../fplib/microlib/fpfix.c                0x00000000   Number         0  ffixui.o ABSOLUTE
    ../fplib/microlib/fpmul.c                0x00000000   Number         0  fmul.o ABSOLUTE
    Tasks.c                                  0x00000000   Number         0  tasks.o ABSOLUTE
    USR_OLED.c                               0x00000000   Number         0  usr_oled.o ABSOLUTE
    ZB_USR.c                                 0x00000000   Number         0  zb_usr.o ABSOLUTE
    dc.s                                     0x00000000   Number         0  dc.o ABSOLUTE
    handlers.s                               0x00000000   Number         0  handlers.o ABSOLUTE
    init.s                                   0x00000000   Number         0  init.o ABSOLUTE
    main.c                                   0x00000000   Number         0  main.o ABSOLUTE
    oled.c                                   0x00000000   Number         0  oled.o ABSOLUTE
    startup_stm32f103xb.s                    0x00000000   Number         0  startup_stm32f103xb.o ABSOLUTE
    stm32f1xx_hal.c                          0x00000000   Number         0  stm32f1xx_hal.o ABSOLUTE
    stm32f1xx_hal_cortex.c                   0x00000000   Number         0  stm32f1xx_hal_cortex.o ABSOLUTE
    stm32f1xx_hal_dma.c                      0x00000000   Number         0  stm32f1xx_hal_dma.o ABSOLUTE
    stm32f1xx_hal_exti.c                     0x00000000   Number         0  stm32f1xx_hal_exti.o ABSOLUTE
    stm32f1xx_hal_flash.c                    0x00000000   Number         0  stm32f1xx_hal_flash.o ABSOLUTE
    stm32f1xx_hal_flash_ex.c                 0x00000000   Number         0  stm32f1xx_hal_flash_ex.o ABSOLUTE
    stm32f1xx_hal_gpio.c                     0x00000000   Number         0  stm32f1xx_hal_gpio.o ABSOLUTE
    stm32f1xx_hal_gpio_ex.c                  0x00000000   Number         0  stm32f1xx_hal_gpio_ex.o ABSOLUTE
    stm32f1xx_hal_msp.c                      0x00000000   Number         0  stm32f1xx_hal_msp.o ABSOLUTE
    stm32f1xx_hal_pwr.c                      0x00000000   Number         0  stm32f1xx_hal_pwr.o ABSOLUTE
    stm32f1xx_hal_rcc.c                      0x00000000   Number         0  stm32f1xx_hal_rcc.o ABSOLUTE
    stm32f1xx_hal_rcc_ex.c                   0x00000000   Number         0  stm32f1xx_hal_rcc_ex.o ABSOLUTE
    stm32f1xx_hal_rtc.c                      0x00000000   Number         0  stm32f1xx_hal_rtc.o ABSOLUTE
    stm32f1xx_hal_rtc_ex.c                   0x00000000   Number         0  stm32f1xx_hal_rtc_ex.o ABSOLUTE
    stm32f1xx_hal_spi.c                      0x00000000   Number         0  stm32f1xx_hal_spi.o ABSOLUTE
    stm32f1xx_hal_tim.c                      0x00000000   Number         0  stm32f1xx_hal_tim.o ABSOLUTE
    stm32f1xx_hal_tim_ex.c                   0x00000000   Number         0  stm32f1xx_hal_tim_ex.o ABSOLUTE
    stm32f1xx_hal_uart.c                     0x00000000   Number         0  stm32f1xx_hal_uart.o ABSOLUTE
    stm32f1xx_it.c                           0x00000000   Number         0  stm32f1xx_it.o ABSOLUTE
    system_stm32f1xx.c                       0x00000000   Number         0  system_stm32f1xx.o ABSOLUTE
    RESET                                    0x08000000   Section      236  startup_stm32f103xb.o(RESET)
    .ARM.Collect$$$$00000000                 0x080000ec   Section        0  entry.o(.ARM.Collect$$$$00000000)
    .ARM.Collect$$$$00000001                 0x080000ec   Section        4  entry2.o(.ARM.Collect$$$$00000001)
    .ARM.Collect$$$$00000004                 0x080000f0   Section        4  entry5.o(.ARM.Collect$$$$00000004)
    .ARM.Collect$$$$00000008                 0x080000f4   Section        0  entry7b.o(.ARM.Collect$$$$00000008)
    .ARM.Collect$$$$0000000A                 0x080000f4   Section        0  entry8b.o(.ARM.Collect$$$$0000000A)
    .ARM.Collect$$$$0000000B                 0x080000f4   Section        8  entry9a.o(.ARM.Collect$$$$0000000B)
    __lit__00000000                          0x080000fc   Data           4  entry2.o(.ARM.Collect$$$$00002712)
    .ARM.Collect$$$$0000000D                 0x080000fc   Section        0  entry10a.o(.ARM.Collect$$$$0000000D)
    .ARM.Collect$$$$0000000F                 0x080000fc   Section        0  entry11a.o(.ARM.Collect$$$$0000000F)
    .ARM.Collect$$$$00002712                 0x080000fc   Section        4  entry2.o(.ARM.Collect$$$$00002712)
    .text                                    0x08000100   Section       36  startup_stm32f103xb.o(.text)
    .text                                    0x08000124   Section        0  fmul.o(.text)
    .text                                    0x08000188   Section        0  ffixi.o(.text)
    .text                                    0x080001ba   Section        0  ffixui.o(.text)
    .text                                    0x080001e2   Section        0  iusefp.o(.text)
    .text                                    0x080001e4   Section       36  init.o(.text)
    [Anonymous Symbol]                       0x08000208   Section        0  stm32f1xx_it.o(.text.BusFault_Handler)
    [Anonymous Symbol]                       0x0800020a   Section        0  stm32f1xx_it.o(.text.DebugMon_Handler)
    [Anonymous Symbol]                       0x0800020c   Section        0  stm32f1xx_it.o(.text.EXTI15_10_IRQHandler)
    __arm_cp.11_0                            0x08000230   Number         4  stm32f1xx_it.o(.text.EXTI15_10_IRQHandler)
    [Anonymous Symbol]                       0x08000234   Section        0  stm32f1xx_hal_dma.o(.text.HAL_DMA_Abort_IT)
    __arm_cp.6_0                             0x080002b8   Number         4  stm32f1xx_hal_dma.o(.text.HAL_DMA_Abort_IT)
    __arm_cp.6_1                             0x080002bc   Number         4  stm32f1xx_hal_dma.o(.text.HAL_DMA_Abort_IT)
    __arm_cp.6_2                             0x080002c0   Number         4  stm32f1xx_hal_dma.o(.text.HAL_DMA_Abort_IT)
    __arm_cp.6_3                             0x080002c4   Number         4  stm32f1xx_hal_dma.o(.text.HAL_DMA_Abort_IT)
    __arm_cp.6_4                             0x080002c8   Number         4  stm32f1xx_hal_dma.o(.text.HAL_DMA_Abort_IT)
    __arm_cp.6_5                             0x080002cc   Number         4  stm32f1xx_hal_dma.o(.text.HAL_DMA_Abort_IT)
    [Anonymous Symbol]                       0x080002d0   Section        0  stm32f1xx_hal.o(.text.HAL_Delay)
    [Anonymous Symbol]                       0x080002f0   Section        0  tasks.o(.text.HAL_GPIO_EXTI_Callback)
    __arm_cp.2_1                             0x0800033c   Number         4  tasks.o(.text.HAL_GPIO_EXTI_Callback)
    __arm_cp.2_2                             0x08000340   Number         4  tasks.o(.text.HAL_GPIO_EXTI_Callback)
    __arm_cp.2_3                             0x08000344   Number         4  tasks.o(.text.HAL_GPIO_EXTI_Callback)
    [Anonymous Symbol]                       0x08000348   Section        0  stm32f1xx_hal_gpio.o(.text.HAL_GPIO_EXTI_IRQHandler)
    __arm_cp.6_0                             0x08000358   Number         4  stm32f1xx_hal_gpio.o(.text.HAL_GPIO_EXTI_IRQHandler)
    [Anonymous Symbol]                       0x0800035c   Section        0  stm32f1xx_hal_gpio.o(.text.HAL_GPIO_Init)
    __arm_cp.0_0                             0x080004c8   Number         4  stm32f1xx_hal_gpio.o(.text.HAL_GPIO_Init)
    __arm_cp.0_1                             0x080004cc   Number         4  stm32f1xx_hal_gpio.o(.text.HAL_GPIO_Init)
    __arm_cp.0_2                             0x080004d0   Number         4  stm32f1xx_hal_gpio.o(.text.HAL_GPIO_Init)
    __arm_cp.0_4                             0x080004d4   Number         4  stm32f1xx_hal_gpio.o(.text.HAL_GPIO_Init)
    __arm_cp.0_5                             0x080004d8   Number         4  stm32f1xx_hal_gpio.o(.text.HAL_GPIO_Init)
    __arm_cp.0_6                             0x080004dc   Number         4  stm32f1xx_hal_gpio.o(.text.HAL_GPIO_Init)
    __arm_cp.0_7                             0x080004e0   Number         4  stm32f1xx_hal_gpio.o(.text.HAL_GPIO_Init)
    __arm_cp.0_8                             0x080004e4   Number         4  stm32f1xx_hal_gpio.o(.text.HAL_GPIO_Init)
    __arm_cp.0_9                             0x080004e8   Number         4  stm32f1xx_hal_gpio.o(.text.HAL_GPIO_Init)
    __arm_cp.0_10                            0x080004ec   Number         4  stm32f1xx_hal_gpio.o(.text.HAL_GPIO_Init)
    __arm_cp.0_11                            0x080004f0   Number         4  stm32f1xx_hal_gpio.o(.text.HAL_GPIO_Init)
    __arm_cp.0_12                            0x080004f4   Number         4  stm32f1xx_hal_gpio.o(.text.HAL_GPIO_Init)
    [Anonymous Symbol]                       0x080004f8   Section        0  stm32f1xx_hal_gpio.o(.text.HAL_GPIO_ReadPin)
    [Anonymous Symbol]                       0x08000502   Section        0  stm32f1xx_hal_gpio.o(.text.HAL_GPIO_WritePin)
    [Anonymous Symbol]                       0x0800050c   Section        0  stm32f1xx_hal.o(.text.HAL_GetTick)
    [Anonymous Symbol]                       0x08000514   Section        0  stm32f1xx_hal.o(.text.HAL_IncTick)
    __arm_cp.5_1                             0x08000524   Number         4  stm32f1xx_hal.o(.text.HAL_IncTick)
    [Anonymous Symbol]                       0x08000528   Section        0  stm32f1xx_hal.o(.text.HAL_Init)
    [Anonymous Symbol]                       0x08000540   Section        0  stm32f1xx_hal.o(.text.HAL_InitTick)
    __arm_cp.1_0                             0x08000578   Number         4  stm32f1xx_hal.o(.text.HAL_InitTick)
    [Anonymous Symbol]                       0x0800057c   Section        0  stm32f1xx_hal_msp.o(.text.HAL_MspInit)
    __arm_cp.0_0                             0x080005b4   Number         4  stm32f1xx_hal_msp.o(.text.HAL_MspInit)
    __arm_cp.0_1                             0x080005b8   Number         4  stm32f1xx_hal_msp.o(.text.HAL_MspInit)
    [Anonymous Symbol]                       0x080005bc   Section        0  stm32f1xx_hal_cortex.o(.text.HAL_NVIC_EnableIRQ)
    __arm_cp.3_0                             0x080005d4   Number         4  stm32f1xx_hal_cortex.o(.text.HAL_NVIC_EnableIRQ)
    [Anonymous Symbol]                       0x080005d8   Section        0  stm32f1xx_hal_cortex.o(.text.HAL_NVIC_SetPriority)
    [Anonymous Symbol]                       0x08000614   Section        0  stm32f1xx_hal_cortex.o(.text.HAL_NVIC_SetPriorityGrouping)
    __arm_cp.0_0                             0x0800062c   Number         4  stm32f1xx_hal_cortex.o(.text.HAL_NVIC_SetPriorityGrouping)
    __arm_cp.0_1                             0x08000630   Number         4  stm32f1xx_hal_cortex.o(.text.HAL_NVIC_SetPriorityGrouping)
    [Anonymous Symbol]                       0x08000634   Section        0  stm32f1xx_hal_pwr.o(.text.HAL_PWR_EnableBkUpAccess)
    __arm_cp.1_0                             0x0800063c   Number         4  stm32f1xx_hal_pwr.o(.text.HAL_PWR_EnableBkUpAccess)
    [Anonymous Symbol]                       0x08000640   Section        0  stm32f1xx_hal_rcc_ex.o(.text.HAL_RCCEx_GetPeriphCLKFreq)
    __arm_cp.2_0                             0x080006f0   Number         4  stm32f1xx_hal_rcc_ex.o(.text.HAL_RCCEx_GetPeriphCLKFreq)
    [Anonymous Symbol]                       0x08000708   Section        0  stm32f1xx_hal_rcc_ex.o(.text.HAL_RCCEx_PeriphCLKConfig)
    __arm_cp.0_1                             0x080007f0   Number         4  stm32f1xx_hal_rcc_ex.o(.text.HAL_RCCEx_PeriphCLKConfig)
    __arm_cp.0_2                             0x080007f4   Number         4  stm32f1xx_hal_rcc_ex.o(.text.HAL_RCCEx_PeriphCLKConfig)
    [Anonymous Symbol]                       0x080007f8   Section        0  stm32f1xx_hal_rcc.o(.text.HAL_RCC_ClockConfig)
    __arm_cp.2_0                             0x08000928   Number         4  stm32f1xx_hal_rcc.o(.text.HAL_RCC_ClockConfig)
    __arm_cp.2_2                             0x0800092c   Number         4  stm32f1xx_hal_rcc.o(.text.HAL_RCC_ClockConfig)
    __arm_cp.2_3                             0x08000930   Number         4  stm32f1xx_hal_rcc.o(.text.HAL_RCC_ClockConfig)
    __arm_cp.2_4                             0x08000934   Number         4  stm32f1xx_hal_rcc.o(.text.HAL_RCC_ClockConfig)
    [Anonymous Symbol]                       0x08000938   Section        0  stm32f1xx_hal_rcc.o(.text.HAL_RCC_GetPCLK1Freq)
    [Anonymous Symbol]                       0x0800094c   Section        0  stm32f1xx_hal_rcc.o(.text.HAL_RCC_GetPCLK2Freq)
    __arm_cp.9_2                             0x08000960   Number         4  stm32f1xx_hal_rcc.o(.text.HAL_RCC_GetPCLK2Freq)
    [Anonymous Symbol]                       0x08000964   Section        0  stm32f1xx_hal_rcc.o(.text.HAL_RCC_GetSysClockFreq)
    __arm_cp.3_0                             0x0800099c   Number         4  stm32f1xx_hal_rcc.o(.text.HAL_RCC_GetSysClockFreq)
    __arm_cp.3_1                             0x080009a0   Number         4  stm32f1xx_hal_rcc.o(.text.HAL_RCC_GetSysClockFreq)
    __arm_cp.3_4                             0x080009b8   Number         4  stm32f1xx_hal_rcc.o(.text.HAL_RCC_GetSysClockFreq)
    [Anonymous Symbol]                       0x080009bc   Section        0  stm32f1xx_hal_rcc.o(.text.HAL_RCC_OscConfig)
    __arm_cp.1_0                             0x08000cd0   Number         4  stm32f1xx_hal_rcc.o(.text.HAL_RCC_OscConfig)
    __arm_cp.1_1                             0x08000cd4   Number         4  stm32f1xx_hal_rcc.o(.text.HAL_RCC_OscConfig)
    __arm_cp.1_2                             0x08000cd8   Number         4  stm32f1xx_hal_rcc.o(.text.HAL_RCC_OscConfig)
    __arm_cp.1_3                             0x08000cdc   Number         4  stm32f1xx_hal_rcc.o(.text.HAL_RCC_OscConfig)
    [Anonymous Symbol]                       0x08000ce0   Section        0  stm32f1xx_hal_rtc.o(.text.HAL_RTC_Init)
    __arm_cp.0_0                             0x08000d78   Number         4  stm32f1xx_hal_rtc.o(.text.HAL_RTC_Init)
    [Anonymous Symbol]                       0x08000d7c   Section        0  stm32f1xx_hal_msp.o(.text.HAL_RTC_MspInit)
    __arm_cp.1_0                             0x08000dac   Number         4  stm32f1xx_hal_msp.o(.text.HAL_RTC_MspInit)
    __arm_cp.1_1                             0x08000db0   Number         4  stm32f1xx_hal_msp.o(.text.HAL_RTC_MspInit)
    __arm_cp.1_2                             0x08000db4   Number         4  stm32f1xx_hal_msp.o(.text.HAL_RTC_MspInit)
    [Anonymous Symbol]                       0x08000db8   Section        0  stm32f1xx_hal_rtc.o(.text.HAL_RTC_SetDate)
    __arm_cp.13_0                            0x08000e7c   Number         4  stm32f1xx_hal_rtc.o(.text.HAL_RTC_SetDate)
    [Anonymous Symbol]                       0x08000e80   Section        0  stm32f1xx_hal_rtc.o(.text.HAL_RTC_SetTime)
    __arm_cp.7_0                             0x08000f44   Number         4  stm32f1xx_hal_rtc.o(.text.HAL_RTC_SetTime)
    [Anonymous Symbol]                       0x08000f48   Section        0  stm32f1xx_hal_rtc.o(.text.HAL_RTC_WaitForSynchro)
    [Anonymous Symbol]                       0x08000f80   Section        0  stm32f1xx_hal_spi.o(.text.HAL_SPI_Init)
    [Anonymous Symbol]                       0x08000ffc   Section        0  stm32f1xx_hal_msp.o(.text.HAL_SPI_MspInit)
    __arm_cp.3_0                             0x08001054   Number         4  stm32f1xx_hal_msp.o(.text.HAL_SPI_MspInit)
    __arm_cp.3_1                             0x08001058   Number         4  stm32f1xx_hal_msp.o(.text.HAL_SPI_MspInit)
    [Anonymous Symbol]                       0x0800105c   Section        0  stm32f1xx_hal_spi.o(.text.HAL_SPI_Transmit)
    [Anonymous Symbol]                       0x080011c0   Section        0  stm32f1xx_hal_cortex.o(.text.HAL_SYSTICK_Config)
    __arm_cp.7_0                             0x080011e0   Number         4  stm32f1xx_hal_cortex.o(.text.HAL_SYSTICK_Config)
    __arm_cp.7_1                             0x080011e4   Number         4  stm32f1xx_hal_cortex.o(.text.HAL_SYSTICK_Config)
    [Anonymous Symbol]                       0x080011e8   Section        0  stm32f1xx_hal_uart.o(.text.HAL_UART_ErrorCallback)
    [Anonymous Symbol]                       0x080011ec   Section        0  stm32f1xx_hal_uart.o(.text.HAL_UART_IRQHandler)
    __arm_cp.37_0                            0x08001350   Number         4  stm32f1xx_hal_uart.o(.text.HAL_UART_IRQHandler)
    [Anonymous Symbol]                       0x08001354   Section        0  stm32f1xx_hal_uart.o(.text.HAL_UART_Init)
    [Anonymous Symbol]                       0x080013b0   Section        0  stm32f1xx_hal_msp.o(.text.HAL_UART_MspInit)
    __arm_cp.5_0                             0x08001498   Number         4  stm32f1xx_hal_msp.o(.text.HAL_UART_MspInit)
    __arm_cp.5_1                             0x0800149c   Number         4  stm32f1xx_hal_msp.o(.text.HAL_UART_MspInit)
    __arm_cp.5_2                             0x080014a0   Number         4  stm32f1xx_hal_msp.o(.text.HAL_UART_MspInit)
    __arm_cp.5_3                             0x080014a4   Number         4  stm32f1xx_hal_msp.o(.text.HAL_UART_MspInit)
    [Anonymous Symbol]                       0x080014a8   Section        0  stm32f1xx_hal_uart.o(.text.HAL_UART_Receive)
    [Anonymous Symbol]                       0x08001554   Section        0  stm32f1xx_hal_uart.o(.text.HAL_UART_Receive_IT)
    [Anonymous Symbol]                       0x080015a0   Section        0  tasks.o(.text.HAL_UART_RxCpltCallback)
    __arm_cp.1_0                             0x08001610   Number         4  tasks.o(.text.HAL_UART_RxCpltCallback)
    __arm_cp.1_1                             0x08001614   Number         4  tasks.o(.text.HAL_UART_RxCpltCallback)
    __arm_cp.1_2                             0x08001618   Number         4  tasks.o(.text.HAL_UART_RxCpltCallback)
    __arm_cp.1_3                             0x0800161c   Number         4  tasks.o(.text.HAL_UART_RxCpltCallback)
    __arm_cp.1_4                             0x08001620   Number         4  tasks.o(.text.HAL_UART_RxCpltCallback)
    [Anonymous Symbol]                       0x08001624   Section        0  stm32f1xx_hal_uart.o(.text.HAL_UART_Transmit)
    [Anonymous Symbol]                       0x080016d2   Section        0  stm32f1xx_hal_uart.o(.text.HAL_UART_TxCpltCallback)
    [Anonymous Symbol]                       0x080016d4   Section        0  stm32f1xx_it.o(.text.HardFault_Handler)
    [Anonymous Symbol]                       0x080016d6   Section        0  stm32f1xx_it.o(.text.MemManage_Handler)
    [Anonymous Symbol]                       0x080016d8   Section        0  stm32f1xx_it.o(.text.NMI_Handler)
    [Anonymous Symbol]                       0x080016dc   Section        0  oled.o(.text.OLED_Clear)
    [Anonymous Symbol]                       0x08001718   Section        0  usr_oled.o(.text.OLED_Clear_OV)
    __arm_cp.5_0                             0x0800173c   Number         4  usr_oled.o(.text.OLED_Clear_OV)
    [Anonymous Symbol]                       0x08001740   Section        0  oled.o(.text.OLED_Init)
    __arm_cp.11_0                            0x08001830   Number         4  oled.o(.text.OLED_Init)
    __arm_cp.11_1                            0x08001834   Number         4  oled.o(.text.OLED_Init)
    [Anonymous Symbol]                       0x08001838   Section        0  oled.o(.text.OLED_Set_Pos)
    __arm_cp.1_0                             0x08001864   Number         4  oled.o(.text.OLED_Set_Pos)
    [Anonymous Symbol]                       0x08001868   Section        0  oled.o(.text.OLED_ShowChar)
    __arm_cp.5_0                             0x080018d4   Number         4  oled.o(.text.OLED_ShowChar)
    [Anonymous Symbol]                       0x080018d8   Section        0  oled.o(.text.OLED_ShowNum)
    [Anonymous Symbol]                       0x08001958   Section        0  oled.o(.text.OLED_ShowString)
    [Anonymous Symbol]                       0x08001984   Section        0  oled.o(.text.OLED_WR_Byte)
    __arm_cp.0_0                             0x080019ac   Number         4  oled.o(.text.OLED_WR_Byte)
    __arm_cp.0_1                             0x080019b0   Number         4  oled.o(.text.OLED_WR_Byte)
    [Anonymous Symbol]                       0x080019b4   Section        0  usr_oled.o(.text.OLED_show_OV)
    __arm_cp.4_1                             0x08001a20   Number         4  usr_oled.o(.text.OLED_show_OV)
    [Anonymous Symbol]                       0x08001a2c   Section        0  usr_oled.o(.text.OLED_show_TH)
    __arm_cp.7_0                             0x08001ab0   Number         4  usr_oled.o(.text.OLED_show_TH)
    __arm_cp.7_1                             0x08001ab4   Number         4  usr_oled.o(.text.OLED_show_TH)
    [Anonymous Symbol]                       0x08001ab8   Section        0  usr_oled.o(.text.OLED_show_UI)
    __arm_cp.1_1                             0x08001af4   Number         4  usr_oled.o(.text.OLED_show_UI)
    [Anonymous Symbol]                       0x08001b0c   Section        0  usr_oled.o(.text.OLED_show_data)
    __arm_cp.6_0                             0x08001ba4   Number         4  usr_oled.o(.text.OLED_show_data)
    __arm_cp.6_1                             0x08001ba8   Number         4  usr_oled.o(.text.OLED_show_data)
    __arm_cp.6_2                             0x08001bac   Number         4  usr_oled.o(.text.OLED_show_data)
    [Anonymous Symbol]                       0x08001bb0   Section        0  usr_oled.o(.text.OLED_show_selecter)
    [Anonymous Symbol]                       0x08001c20   Section        0  usr_oled.o(.text.OLED_show_subselecter)
    __arm_cp.3_0                             0x08001c7c   Number         4  usr_oled.o(.text.OLED_show_subselecter)
    [Anonymous Symbol]                       0x08001c80   Section        0  tasks.o(.text.OLED_task)
    __arm_cp.4_0                             0x08001ccc   Number         4  tasks.o(.text.OLED_task)
    [Anonymous Symbol]                       0x08001cd0   Section        0  usr_oled.o(.text.OLED_usr_init)
    [Anonymous Symbol]                       0x08001cde   Section        0  stm32f1xx_it.o(.text.PendSV_Handler)
    RTC_EnterInitMode                        0x08001ce1   Thumb Code    48  stm32f1xx_hal_rtc.o(.text.RTC_EnterInitMode)
    [Anonymous Symbol]                       0x08001ce0   Section        0  stm32f1xx_hal_rtc.o(.text.RTC_EnterInitMode)
    RTC_ExitInitMode                         0x08001d11   Thumb Code    50  stm32f1xx_hal_rtc.o(.text.RTC_ExitInitMode)
    [Anonymous Symbol]                       0x08001d10   Section        0  stm32f1xx_hal_rtc.o(.text.RTC_ExitInitMode)
    RTC_ReadTimeCounter                      0x08001d43   Thumb Code    34  stm32f1xx_hal_rtc.o(.text.RTC_ReadTimeCounter)
    [Anonymous Symbol]                       0x08001d42   Section        0  stm32f1xx_hal_rtc.o(.text.RTC_ReadTimeCounter)
    RTC_WeekDayNum                           0x08001d65   Thumb Code    88  stm32f1xx_hal_rtc.o(.text.RTC_WeekDayNum)
    [Anonymous Symbol]                       0x08001d64   Section        0  stm32f1xx_hal_rtc.o(.text.RTC_WeekDayNum)
    RTC_WriteAlarmCounter                    0x08001dbd   Thumb Code    40  stm32f1xx_hal_rtc.o(.text.RTC_WriteAlarmCounter)
    [Anonymous Symbol]                       0x08001dbc   Section        0  stm32f1xx_hal_rtc.o(.text.RTC_WriteAlarmCounter)
    RTC_WriteTimeCounter                     0x08001de5   Thumb Code    40  stm32f1xx_hal_rtc.o(.text.RTC_WriteTimeCounter)
    [Anonymous Symbol]                       0x08001de4   Section        0  stm32f1xx_hal_rtc.o(.text.RTC_WriteTimeCounter)
    SPI_EndRxTxTransaction                   0x08001e0d   Thumb Code    34  stm32f1xx_hal_spi.o(.text.SPI_EndRxTxTransaction)
    [Anonymous Symbol]                       0x08001e0c   Section        0  stm32f1xx_hal_spi.o(.text.SPI_EndRxTxTransaction)
    SPI_WaitFlagStateUntilTimeout            0x08001e2f   Thumb Code   128  stm32f1xx_hal_spi.o(.text.SPI_WaitFlagStateUntilTimeout)
    [Anonymous Symbol]                       0x08001e2e   Section        0  stm32f1xx_hal_spi.o(.text.SPI_WaitFlagStateUntilTimeout)
    [Anonymous Symbol]                       0x08001eae   Section        0  stm32f1xx_it.o(.text.SVC_Handler)
    [Anonymous Symbol]                       0x08001eb0   Section        0  stm32f1xx_it.o(.text.SysTick_Handler)
    [Anonymous Symbol]                       0x08001eb4   Section        0  main.o(.text.SystemClock_Config)
    [Anonymous Symbol]                       0x08001f10   Section        0  system_stm32f1xx.o(.text.SystemInit)
    __arm_cp.0_0                             0x08001f4c   Number         4  system_stm32f1xx.o(.text.SystemInit)
    __arm_cp.0_1                             0x08001f50   Number         4  system_stm32f1xx.o(.text.SystemInit)
    __arm_cp.0_2                             0x08001f54   Number         4  system_stm32f1xx.o(.text.SystemInit)
    __arm_cp.0_3                             0x08001f58   Number         4  system_stm32f1xx.o(.text.SystemInit)
    [Anonymous Symbol]                       0x08001f5c   Section        0  tasks.o(.text.TH_task)
    __arm_cp.5_0                             0x08001fe0   Number         4  tasks.o(.text.TH_task)
    __arm_cp.5_1                             0x08001fe4   Number         4  tasks.o(.text.TH_task)
    UART_DMAAbortOnError                     0x08001fe9   Thumb Code    12  stm32f1xx_hal_uart.o(.text.UART_DMAAbortOnError)
    [Anonymous Symbol]                       0x08001fe8   Section        0  stm32f1xx_hal_uart.o(.text.UART_DMAAbortOnError)
    UART_EndRxTransfer                       0x08001ff5   Thumb Code    26  stm32f1xx_hal_uart.o(.text.UART_EndRxTransfer)
    [Anonymous Symbol]                       0x08001ff4   Section        0  stm32f1xx_hal_uart.o(.text.UART_EndRxTransfer)
    UART_Receive_IT                          0x0800200f   Thumb Code   120  stm32f1xx_hal_uart.o(.text.UART_Receive_IT)
    [Anonymous Symbol]                       0x0800200e   Section        0  stm32f1xx_hal_uart.o(.text.UART_Receive_IT)
    UART_SetConfig                           0x08002089   Thumb Code   132  stm32f1xx_hal_uart.o(.text.UART_SetConfig)
    [Anonymous Symbol]                       0x08002088   Section        0  stm32f1xx_hal_uart.o(.text.UART_SetConfig)
    __arm_cp.2_0                             0x08002108   Number         4  stm32f1xx_hal_uart.o(.text.UART_SetConfig)
    UART_WaitOnFlagUntilTimeout              0x0800210d   Thumb Code    88  stm32f1xx_hal_uart.o(.text.UART_WaitOnFlagUntilTimeout)
    [Anonymous Symbol]                       0x0800210c   Section        0  stm32f1xx_hal_uart.o(.text.UART_WaitOnFlagUntilTimeout)
    [Anonymous Symbol]                       0x08002164   Section        0  stm32f1xx_it.o(.text.USART1_IRQHandler)
    [Anonymous Symbol]                       0x0800216c   Section        0  stm32f1xx_it.o(.text.USART3_IRQHandler)
    [Anonymous Symbol]                       0x08002174   Section        0  stm32f1xx_it.o(.text.UsageFault_Handler)
    [Anonymous Symbol]                       0x08002178   Section        0  zb_usr.o(.text.ZB_init_USR)
    __arm_cp.0_0                             0x080021bc   Number         4  zb_usr.o(.text.ZB_init_USR)
    __arm_cp.0_1                             0x080021c0   Number         4  zb_usr.o(.text.ZB_init_USR)
    __arm_cp.0_3                             0x080021d0   Number         4  zb_usr.o(.text.ZB_init_USR)
    __NVIC_SetPriority                       0x080021f1   Thumb Code    36  stm32f1xx_hal_cortex.o(.text.__NVIC_SetPriority)
    [Anonymous Symbol]                       0x080021f0   Section        0  stm32f1xx_hal_cortex.o(.text.__NVIC_SetPriority)
    __arm_cp.2_0                             0x0800220c   Number         4  stm32f1xx_hal_cortex.o(.text.__NVIC_SetPriority)
    __arm_cp.2_1                             0x08002210   Number         4  stm32f1xx_hal_cortex.o(.text.__NVIC_SetPriority)
    [Anonymous Symbol]                       0x08002214   Section        0  main.o(.text.main)
    __arm_cp.0_0                             0x08002400   Number         4  main.o(.text.main)
    __arm_cp.0_1                             0x08002404   Number         4  main.o(.text.main)
    __arm_cp.0_2                             0x08002408   Number         4  main.o(.text.main)
    __arm_cp.0_3                             0x0800240c   Number         4  main.o(.text.main)
    __arm_cp.0_4                             0x08002410   Number         4  main.o(.text.main)
    __arm_cp.0_5                             0x08002414   Number         4  main.o(.text.main)
    __arm_cp.0_6                             0x08002418   Number         4  main.o(.text.main)
    __arm_cp.0_7                             0x0800241c   Number         4  main.o(.text.main)
    __arm_cp.0_8                             0x08002420   Number         4  main.o(.text.main)
    [Anonymous Symbol]                       0x0800242c   Section        0  tasks.o(.text.mode_task)
    __arm_cp.3_0                             0x08002674   Number         4  tasks.o(.text.mode_task)
    __arm_cp.3_1                             0x08002678   Number         4  tasks.o(.text.mode_task)
    [Anonymous Symbol]                       0x0800267c   Section        0  oled.o(.text.oled_pow)
    i.__scatterload_copy                     0x0800268c   Section       14  handlers.o(i.__scatterload_copy)
    i.__scatterload_null                     0x0800269a   Section        2  handlers.o(i.__scatterload_null)
    i.__scatterload_zeroinit                 0x0800269c   Section       14  handlers.o(i.__scatterload_zeroinit)
    .L.str.11                                0x08002cb2   Data           6  usr_oled.o(.rodata.str1.1)
    [Anonymous Symbol]                       0x08002cb2   Section        0  usr_oled.o(.rodata.str1.1)
    .L.str.9                                 0x08002cb3   Data           5  usr_oled.o(.rodata.str1.1)
    .L.str.12                                0x08002cb8   Data           6  usr_oled.o(.rodata.str1.1)
    .L.str.5                                 0x08002cbc   Data           2  usr_oled.o(.rodata.str1.1)
    .L.str.10                                0x08002cbe   Data           2  usr_oled.o(.rodata.str1.1)
    [Anonymous Symbol]                       0x20000000   Section        0  tasks.o(.data..L_MergedGlobals)
    [Anonymous Symbol]                       0x20000004   Section        0  stm32f1xx_hal.o(.data..L_MergedGlobals)
    [Anonymous Symbol]                       0x20000010   Section        0  main.o(.bss..L_MergedGlobals)
    [Anonymous Symbol]                       0x20000068   Section        0  tasks.o(.bss..L_MergedGlobals.1)
    STACK                                    0x20000140   Section     1024  startup_stm32f103xb.o(STACK)

    Global Symbols

    Symbol Name                              Value     Ov Type        Size  Object(Section)

    BuildAttributes$$THM_ISAv4$P$D$K$B$S$PE$A:L22UL41UL21$X:L11$S22US41US21$IEEE1$IW$~IW$USESV6$~STKCKD$USESV7$~SHL$OSPACE$ROPI$EBA8$MICROLIB$REQ8$PRES8$EABIv2 0x00000000   Number         0  anon$$obj.o ABSOLUTE
    __cpp_initialize__aeabi_                  - Undefined Weak Reference
    __cxa_finalize                            - Undefined Weak Reference
    __decompress                              - Undefined Weak Reference
    _clock_init                               - Undefined Weak Reference
    _microlib_exit                            - Undefined Weak Reference
    __Vectors_Size                           0x000000ec   Number         0  startup_stm32f103xb.o ABSOLUTE
    __Vectors                                0x08000000   Data           4  startup_stm32f103xb.o(RESET)
    __Vectors_End                            0x080000ec   Data           0  startup_stm32f103xb.o(RESET)
    __main                                   0x080000ed   Thumb Code     0  entry.o(.ARM.Collect$$$$00000000)
    _main_stk                                0x080000ed   Thumb Code     0  entry2.o(.ARM.Collect$$$$00000001)
    _main_scatterload                        0x080000f1   Thumb Code     0  entry5.o(.ARM.Collect$$$$00000004)
    __main_after_scatterload                 0x080000f5   Thumb Code     0  entry5.o(.ARM.Collect$$$$00000004)
    _main_clock                              0x080000f5   Thumb Code     0  entry7b.o(.ARM.Collect$$$$00000008)
    _main_cpp_init                           0x080000f5   Thumb Code     0  entry8b.o(.ARM.Collect$$$$0000000A)
    _main_init                               0x080000f5   Thumb Code     0  entry9a.o(.ARM.Collect$$$$0000000B)
    __rt_final_cpp                           0x080000fd   Thumb Code     0  entry10a.o(.ARM.Collect$$$$0000000D)
    __rt_final_exit                          0x080000fd   Thumb Code     0  entry11a.o(.ARM.Collect$$$$0000000F)
    Reset_Handler                            0x08000101   Thumb Code     8  startup_stm32f103xb.o(.text)
    ADC1_2_IRQHandler                        0x0800011b   Thumb Code     0  startup_stm32f103xb.o(.text)
    CAN1_RX1_IRQHandler                      0x0800011b   Thumb Code     0  startup_stm32f103xb.o(.text)
    CAN1_SCE_IRQHandler                      0x0800011b   Thumb Code     0  startup_stm32f103xb.o(.text)
    DMA1_Channel1_IRQHandler                 0x0800011b   Thumb Code     0  startup_stm32f103xb.o(.text)
    DMA1_Channel2_IRQHandler                 0x0800011b   Thumb Code     0  startup_stm32f103xb.o(.text)
    DMA1_Channel3_IRQHandler                 0x0800011b   Thumb Code     0  startup_stm32f103xb.o(.text)
    DMA1_Channel4_IRQHandler                 0x0800011b   Thumb Code     0  startup_stm32f103xb.o(.text)
    DMA1_Channel5_IRQHandler                 0x0800011b   Thumb Code     0  startup_stm32f103xb.o(.text)
    DMA1_Channel6_IRQHandler                 0x0800011b   Thumb Code     0  startup_stm32f103xb.o(.text)
    DMA1_Channel7_IRQHandler                 0x0800011b   Thumb Code     0  startup_stm32f103xb.o(.text)
    EXTI0_IRQHandler                         0x0800011b   Thumb Code     0  startup_stm32f103xb.o(.text)
    EXTI1_IRQHandler                         0x0800011b   Thumb Code     0  startup_stm32f103xb.o(.text)
    EXTI2_IRQHandler                         0x0800011b   Thumb Code     0  startup_stm32f103xb.o(.text)
    EXTI3_IRQHandler                         0x0800011b   Thumb Code     0  startup_stm32f103xb.o(.text)
    EXTI4_IRQHandler                         0x0800011b   Thumb Code     0  startup_stm32f103xb.o(.text)
    EXTI9_5_IRQHandler                       0x0800011b   Thumb Code     0  startup_stm32f103xb.o(.text)
    FLASH_IRQHandler                         0x0800011b   Thumb Code     0  startup_stm32f103xb.o(.text)
    I2C1_ER_IRQHandler                       0x0800011b   Thumb Code     0  startup_stm32f103xb.o(.text)
    I2C1_EV_IRQHandler                       0x0800011b   Thumb Code     0  startup_stm32f103xb.o(.text)
    I2C2_ER_IRQHandler                       0x0800011b   Thumb Code     0  startup_stm32f103xb.o(.text)
    I2C2_EV_IRQHandler                       0x0800011b   Thumb Code     0  startup_stm32f103xb.o(.text)
    PVD_IRQHandler                           0x0800011b   Thumb Code     0  startup_stm32f103xb.o(.text)
    RCC_IRQHandler                           0x0800011b   Thumb Code     0  startup_stm32f103xb.o(.text)
    RTC_Alarm_IRQHandler                     0x0800011b   Thumb Code     0  startup_stm32f103xb.o(.text)
    RTC_IRQHandler                           0x0800011b   Thumb Code     0  startup_stm32f103xb.o(.text)
    SPI1_IRQHandler                          0x0800011b   Thumb Code     0  startup_stm32f103xb.o(.text)
    SPI2_IRQHandler                          0x0800011b   Thumb Code     0  startup_stm32f103xb.o(.text)
    TAMPER_IRQHandler                        0x0800011b   Thumb Code     0  startup_stm32f103xb.o(.text)
    TIM1_BRK_IRQHandler                      0x0800011b   Thumb Code     0  startup_stm32f103xb.o(.text)
    TIM1_CC_IRQHandler                       0x0800011b   Thumb Code     0  startup_stm32f103xb.o(.text)
    TIM1_TRG_COM_IRQHandler                  0x0800011b   Thumb Code     0  startup_stm32f103xb.o(.text)
    TIM1_UP_IRQHandler                       0x0800011b   Thumb Code     0  startup_stm32f103xb.o(.text)
    TIM2_IRQHandler                          0x0800011b   Thumb Code     0  startup_stm32f103xb.o(.text)
    TIM3_IRQHandler                          0x0800011b   Thumb Code     0  startup_stm32f103xb.o(.text)
    TIM4_IRQHandler                          0x0800011b   Thumb Code     0  startup_stm32f103xb.o(.text)
    USART2_IRQHandler                        0x0800011b   Thumb Code     0  startup_stm32f103xb.o(.text)
    USBWakeUp_IRQHandler                     0x0800011b   Thumb Code     0  startup_stm32f103xb.o(.text)
    USB_HP_CAN1_TX_IRQHandler                0x0800011b   Thumb Code     0  startup_stm32f103xb.o(.text)
    USB_LP_CAN1_RX0_IRQHandler               0x0800011b   Thumb Code     0  startup_stm32f103xb.o(.text)
    WWDG_IRQHandler                          0x0800011b   Thumb Code     0  startup_stm32f103xb.o(.text)
    __aeabi_fmul                             0x08000125   Thumb Code   100  fmul.o(.text)
    __aeabi_f2iz                             0x08000189   Thumb Code    50  ffixi.o(.text)
    __aeabi_f2uiz                            0x080001bb   Thumb Code    40  ffixui.o(.text)
    __I$use$fp                               0x080001e3   Thumb Code     0  iusefp.o(.text)
    __scatterload                            0x080001e5   Thumb Code    28  init.o(.text)
    __scatterload_rt2                        0x080001e5   Thumb Code     0  init.o(.text)
    BusFault_Handler                         0x08000209   Thumb Code     2  stm32f1xx_it.o(.text.BusFault_Handler)
    DebugMon_Handler                         0x0800020b   Thumb Code     2  stm32f1xx_it.o(.text.DebugMon_Handler)
    EXTI15_10_IRQHandler                     0x0800020d   Thumb Code    40  stm32f1xx_it.o(.text.EXTI15_10_IRQHandler)
    HAL_DMA_Abort_IT                         0x08000235   Thumb Code   156  stm32f1xx_hal_dma.o(.text.HAL_DMA_Abort_IT)
    HAL_Delay                                0x080002d1   Thumb Code    36  stm32f1xx_hal.o(.text.HAL_Delay)
    HAL_GPIO_EXTI_Callback                   0x080002f1   Thumb Code    92  tasks.o(.text.HAL_GPIO_EXTI_Callback)
    HAL_GPIO_EXTI_IRQHandler                 0x08000349   Thumb Code    20  stm32f1xx_hal_gpio.o(.text.HAL_GPIO_EXTI_IRQHandler)
    HAL_GPIO_Init                            0x0800035d   Thumb Code   416  stm32f1xx_hal_gpio.o(.text.HAL_GPIO_Init)
    HAL_GPIO_ReadPin                         0x080004f9   Thumb Code    10  stm32f1xx_hal_gpio.o(.text.HAL_GPIO_ReadPin)
    HAL_GPIO_WritePin                        0x08000503   Thumb Code    10  stm32f1xx_hal_gpio.o(.text.HAL_GPIO_WritePin)
    HAL_GetTick                              0x0800050d   Thumb Code    12  stm32f1xx_hal.o(.text.HAL_GetTick)
    HAL_IncTick                              0x08000515   Thumb Code    24  stm32f1xx_hal.o(.text.HAL_IncTick)
    HAL_Init                                 0x08000529   Thumb Code    22  stm32f1xx_hal.o(.text.HAL_Init)
    HAL_InitTick                             0x08000541   Thumb Code    64  stm32f1xx_hal.o(.text.HAL_InitTick)
    HAL_MspInit                              0x0800057d   Thumb Code    64  stm32f1xx_hal_msp.o(.text.HAL_MspInit)
    HAL_NVIC_EnableIRQ                       0x080005bd   Thumb Code    28  stm32f1xx_hal_cortex.o(.text.HAL_NVIC_EnableIRQ)
    HAL_NVIC_SetPriority                     0x080005d9   Thumb Code    64  stm32f1xx_hal_cortex.o(.text.HAL_NVIC_SetPriority)
    HAL_NVIC_SetPriorityGrouping             0x08000615   Thumb Code    32  stm32f1xx_hal_cortex.o(.text.HAL_NVIC_SetPriorityGrouping)
    HAL_PWR_EnableBkUpAccess                 0x08000635   Thumb Code    12  stm32f1xx_hal_pwr.o(.text.HAL_PWR_EnableBkUpAccess)
    HAL_RCCEx_GetPeriphCLKFreq               0x08000641   Thumb Code   208  stm32f1xx_hal_rcc_ex.o(.text.HAL_RCCEx_GetPeriphCLKFreq)
    HAL_RCCEx_PeriphCLKConfig                0x08000709   Thumb Code   244  stm32f1xx_hal_rcc_ex.o(.text.HAL_RCCEx_PeriphCLKConfig)
    HAL_RCC_ClockConfig                      0x080007f9   Thumb Code   324  stm32f1xx_hal_rcc.o(.text.HAL_RCC_ClockConfig)
    HAL_RCC_GetPCLK1Freq                     0x08000939   Thumb Code    32  stm32f1xx_hal_rcc.o(.text.HAL_RCC_GetPCLK1Freq)
    HAL_RCC_GetPCLK2Freq                     0x0800094d   Thumb Code    32  stm32f1xx_hal_rcc.o(.text.HAL_RCC_GetPCLK2Freq)
    HAL_RCC_GetSysClockFreq                  0x08000965   Thumb Code    88  stm32f1xx_hal_rcc.o(.text.HAL_RCC_GetSysClockFreq)
    HAL_RCC_OscConfig                        0x080009bd   Thumb Code   804  stm32f1xx_hal_rcc.o(.text.HAL_RCC_OscConfig)
    HAL_RTC_Init                             0x08000ce1   Thumb Code   156  stm32f1xx_hal_rtc.o(.text.HAL_RTC_Init)
    HAL_RTC_MspInit                          0x08000d7d   Thumb Code    60  stm32f1xx_hal_msp.o(.text.HAL_RTC_MspInit)
    HAL_RTC_SetDate                          0x08000db9   Thumb Code   204  stm32f1xx_hal_rtc.o(.text.HAL_RTC_SetDate)
    HAL_RTC_SetTime                          0x08000e81   Thumb Code   200  stm32f1xx_hal_rtc.o(.text.HAL_RTC_SetTime)
    HAL_RTC_WaitForSynchro                   0x08000f49   Thumb Code    56  stm32f1xx_hal_rtc.o(.text.HAL_RTC_WaitForSynchro)
    HAL_SPI_Init                             0x08000f81   Thumb Code   122  stm32f1xx_hal_spi.o(.text.HAL_SPI_Init)
    HAL_SPI_MspInit                          0x08000ffd   Thumb Code    96  stm32f1xx_hal_msp.o(.text.HAL_SPI_MspInit)
    HAL_SPI_Transmit                         0x0800105d   Thumb Code   354  stm32f1xx_hal_spi.o(.text.HAL_SPI_Transmit)
    HAL_SYSTICK_Config                       0x080011c1   Thumb Code    40  stm32f1xx_hal_cortex.o(.text.HAL_SYSTICK_Config)
    HAL_UART_ErrorCallback                   0x080011e9   Thumb Code     2  stm32f1xx_hal_uart.o(.text.HAL_UART_ErrorCallback)
    HAL_UART_IRQHandler                      0x080011ed   Thumb Code   360  stm32f1xx_hal_uart.o(.text.HAL_UART_IRQHandler)
    HAL_UART_Init                            0x08001355   Thumb Code    92  stm32f1xx_hal_uart.o(.text.HAL_UART_Init)
    HAL_UART_MspInit                         0x080013b1   Thumb Code   248  stm32f1xx_hal_msp.o(.text.HAL_UART_MspInit)
    HAL_UART_Receive                         0x080014a9   Thumb Code   172  stm32f1xx_hal_uart.o(.text.HAL_UART_Receive)
    HAL_UART_Receive_IT                      0x08001555   Thumb Code    76  stm32f1xx_hal_uart.o(.text.HAL_UART_Receive_IT)
    HAL_UART_RxCpltCallback                  0x080015a1   Thumb Code   132  tasks.o(.text.HAL_UART_RxCpltCallback)
    HAL_UART_Transmit                        0x08001625   Thumb Code   174  stm32f1xx_hal_uart.o(.text.HAL_UART_Transmit)
    HAL_UART_TxCpltCallback                  0x080016d3   Thumb Code     2  stm32f1xx_hal_uart.o(.text.HAL_UART_TxCpltCallback)
    HardFault_Handler                        0x080016d5   Thumb Code     2  stm32f1xx_it.o(.text.HardFault_Handler)
    MemManage_Handler                        0x080016d7   Thumb Code     2  stm32f1xx_it.o(.text.MemManage_Handler)
    NMI_Handler                              0x080016d9   Thumb Code     2  stm32f1xx_it.o(.text.NMI_Handler)
    OLED_Clear                               0x080016dd   Thumb Code    64  oled.o(.text.OLED_Clear)
    OLED_Clear_OV                            0x08001719   Thumb Code    44  usr_oled.o(.text.OLED_Clear_OV)
    OLED_Init                                0x08001741   Thumb Code   252  oled.o(.text.OLED_Init)
    OLED_Set_Pos                             0x08001839   Thumb Code    48  oled.o(.text.OLED_Set_Pos)
    OLED_ShowChar                            0x08001869   Thumb Code   112  oled.o(.text.OLED_ShowChar)
    OLED_ShowNum                             0x080018d9   Thumb Code   128  oled.o(.text.OLED_ShowNum)
    OLED_ShowString                          0x08001959   Thumb Code    44  oled.o(.text.OLED_ShowString)
    OLED_WR_Byte                             0x08001985   Thumb Code    48  oled.o(.text.OLED_WR_Byte)
    OLED_show_OV                             0x080019b5   Thumb Code   120  usr_oled.o(.text.OLED_show_OV)
    OLED_show_TH                             0x08001a2d   Thumb Code   140  usr_oled.o(.text.OLED_show_TH)
    OLED_show_UI                             0x08001ab9   Thumb Code    84  usr_oled.o(.text.OLED_show_UI)
    OLED_show_data                           0x08001b0d   Thumb Code   164  usr_oled.o(.text.OLED_show_data)
    OLED_show_selecter                       0x08001bb1   Thumb Code   116  usr_oled.o(.text.OLED_show_selecter)
    OLED_show_subselecter                    0x08001c21   Thumb Code    96  usr_oled.o(.text.OLED_show_subselecter)
    OLED_task                                0x08001c81   Thumb Code    84  tasks.o(.text.OLED_task)
    OLED_usr_init                            0x08001cd1   Thumb Code    14  usr_oled.o(.text.OLED_usr_init)
    PendSV_Handler                           0x08001cdf   Thumb Code     2  stm32f1xx_it.o(.text.PendSV_Handler)
    SVC_Handler                              0x08001eaf   Thumb Code     2  stm32f1xx_it.o(.text.SVC_Handler)
    SysTick_Handler                          0x08001eb1   Thumb Code     4  stm32f1xx_it.o(.text.SysTick_Handler)
    SystemClock_Config                       0x08001eb5   Thumb Code    90  main.o(.text.SystemClock_Config)
    SystemInit                               0x08001f11   Thumb Code    76  system_stm32f1xx.o(.text.SystemInit)
    TH_task                                  0x08001f5d   Thumb Code   140  tasks.o(.text.TH_task)
    USART1_IRQHandler                        0x08002165   Thumb Code    12  stm32f1xx_it.o(.text.USART1_IRQHandler)
    USART3_IRQHandler                        0x0800216d   Thumb Code    12  stm32f1xx_it.o(.text.USART3_IRQHandler)
    UsageFault_Handler                       0x08002175   Thumb Code     2  stm32f1xx_it.o(.text.UsageFault_Handler)
    ZB_init_USR                              0x08002179   Thumb Code   120  zb_usr.o(.text.ZB_init_USR)
    main                                     0x08002215   Thumb Code   536  main.o(.text.main)
    mode_task                                0x0800242d   Thumb Code   592  tasks.o(.text.mode_task)
    oled_pow                                 0x0800267d   Thumb Code    16  oled.o(.text.oled_pow)
    __scatterload_copy                       0x0800268d   Thumb Code    14  handlers.o(i.__scatterload_copy)
    __scatterload_null                       0x0800269b   Thumb Code     2  handlers.o(i.__scatterload_null)
    __scatterload_zeroinit                   0x0800269d   Thumb Code    14  handlers.o(i.__scatterload_zeroinit)
    AHBPrescTable                            0x080026aa   Data          16  system_stm32f1xx.o(.rodata.AHBPrescTable)
    APBPrescTable                            0x080026ba   Data           8  system_stm32f1xx.o(.rodata.APBPrescTable)
    F8X16                                    0x080026c2   Data        1520  oled.o(.rodata.F8X16)
    Region$$Table$$Base                      0x08002cc0   Number         0  anon$$obj.o(Region$$Table)
    Region$$Table$$Limit                     0x08002ce0   Number         0  anon$$obj.o(Region$$Table)
    slct_num                                 0x20000000   Data           1  tasks.o(.data..L_MergedGlobals)
    node                                     0x20000001   Data           1  tasks.o(.data..L_MergedGlobals)
    uwTickFreq                               0x20000004   Data           1  stm32f1xx_hal.o(.data..L_MergedGlobals)
    uwTickPrio                               0x20000008   Data           4  stm32f1xx_hal.o(.data..L_MergedGlobals)
    SystemCoreClock                          0x2000000c   Data           4  system_stm32f1xx.o(.data.SystemCoreClock)
    x                                        0x20000010   Data           1  main.o(.bss..L_MergedGlobals)
    hrtc                                     0x20000014   Data          20  main.o(.bss..L_MergedGlobals)
    huart3                                   0x20000028   Data          64  main.o(.bss..L_MergedGlobals)
    THC_flag                                 0x20000068   Data           1  tasks.o(.bss..L_MergedGlobals.1)
    THC_flag_ACTIVE                          0x20000069   Data           1  tasks.o(.bss..L_MergedGlobals.1)
    THR_flag                                 0x2000006a   Data           1  tasks.o(.bss..L_MergedGlobals.1)
    THR_flag_ACTIVE                          0x2000006b   Data           1  tasks.o(.bss..L_MergedGlobals.1)
    THC                                      0x2000006c   Data           1  tasks.o(.bss..L_MergedGlobals.1)
    THC_ACTIVE                               0x2000006d   Data           1  tasks.o(.bss..L_MergedGlobals.1)
    THR                                      0x2000006e   Data           1  tasks.o(.bss..L_MergedGlobals.1)
    THR_ACTIVE                               0x2000006f   Data           1  tasks.o(.bss..L_MergedGlobals.1)
    THCH                                     0x20000070   Data           1  tasks.o(.bss..L_MergedGlobals.1)
    THCH_ACTIVE                              0x20000071   Data           1  tasks.o(.bss..L_MergedGlobals.1)
    THRH                                     0x20000072   Data           1  tasks.o(.bss..L_MergedGlobals.1)
    THRH_ACTIVE                              0x20000073   Data           1  tasks.o(.bss..L_MergedGlobals.1)
    slct_sub                                 0x20000074   Data           1  tasks.o(.bss..L_MergedGlobals.1)
    mode                                     0x20000075   Data           1  tasks.o(.bss..L_MergedGlobals.1)
    submode                                  0x20000076   Data           1  tasks.o(.bss..L_MergedGlobals.1)
    SW1_flag                                 0x20000077   Data           1  tasks.o(.bss..L_MergedGlobals.1)
    SW2_flag                                 0x20000078   Data           1  tasks.o(.bss..L_MergedGlobals.1)
    SW3_flag                                 0x20000079   Data           1  tasks.o(.bss..L_MergedGlobals.1)
    SW4_flag                                 0x2000007a   Data           1  tasks.o(.bss..L_MergedGlobals.1)
    RX_buf                                   0x2000007b   Data          10  tasks.o(.bss..L_MergedGlobals.1)
    rh                                       0x20000088   Data          12  tasks.o(.bss..L_MergedGlobals.1)
    tmp                                      0x20000094   Data          12  tasks.o(.bss..L_MergedGlobals.1)
    hspi1                                    0x200000a0   Data          88  main.o(.bss.hspi1)
    huart1                                   0x200000f8   Data          64  main.o(.bss.huart1)
    uwTick                                   0x20000138   Data           4  stm32f1xx_hal.o(.bss.uwTick)
    y                                        0x2000013c   Data           1  main.o(.bss.y)
    __initial_sp                             0x20000540   Data           0  startup_stm32f103xb.o(STACK)



==============================================================================

Memory Map of the image

  Image Entry point : 0x080000ed

  Load Region LR_IROM1 (Base: 0x08000000, Size: 0x00002cf0, Max: 0x00010000, ABSOLUTE)

    Execution Region ER_IROM1 (Exec base: 0x08000000, Load base: 0x08000000, Size: 0x00002ce0, Max: 0x00010000, ABSOLUTE)

    Exec Addr    Load Addr    Size         Type   Attr      Idx    E Section Name        Object

    0x08000000   0x08000000   0x000000ec   Data   RO            3    RESET               startup_stm32f103xb.o
    0x080000ec   0x080000ec   0x00000000   Code   RO          890  * .ARM.Collect$$$$00000000  mc_w.l(entry.o)
    0x080000ec   0x080000ec   0x00000004   Code   RO          901    .ARM.Collect$$$$00000001  mc_w.l(entry2.o)
    0x080000f0   0x080000f0   0x00000004   Code   RO          904    .ARM.Collect$$$$00000004  mc_w.l(entry5.o)
    0x080000f4   0x080000f4   0x00000000   Code   RO          906    .ARM.Collect$$$$00000008  mc_w.l(entry7b.o)
    0x080000f4   0x080000f4   0x00000000   Code   RO          908    .ARM.Collect$$$$0000000A  mc_w.l(entry8b.o)
    0x080000f4   0x080000f4   0x00000008   Code   RO          909    .ARM.Collect$$$$0000000B  mc_w.l(entry9a.o)
    0x080000fc   0x080000fc   0x00000000   Code   RO          911    .ARM.Collect$$$$0000000D  mc_w.l(entry10a.o)
    0x080000fc   0x080000fc   0x00000000   Code   RO          913    .ARM.Collect$$$$0000000F  mc_w.l(entry11a.o)
    0x080000fc   0x080000fc   0x00000004   Code   RO          902    .ARM.Collect$$$$00002712  mc_w.l(entry2.o)
    0x08000100   0x08000100   0x00000024   Code   RO            4    .text               startup_stm32f103xb.o
    0x08000124   0x08000124   0x00000064   Code   RO          895    .text               mf_w.l(fmul.o)
    0x08000188   0x08000188   0x00000032   Code   RO          897    .text               mf_w.l(ffixi.o)
    0x080001ba   0x080001ba   0x00000028   Code   RO          899    .text               mf_w.l(ffixui.o)
    0x080001e2   0x080001e2   0x00000000   Code   RO          915    .text               mc_w.l(iusefp.o)
    0x080001e2   0x080001e2   0x00000002   PAD
    0x080001e4   0x080001e4   0x00000024   Code   RO          916    .text               mc_w.l(init.o)
    0x08000208   0x08000208   0x00000002   Code   RO           96    .text.BusFault_Handler  stm32f1xx_it.o
    0x0800020a   0x0800020a   0x00000002   Code   RO          102    .text.DebugMon_Handler  stm32f1xx_it.o
    0x0800020c   0x0800020c   0x00000028   Code   RO          112    .text.EXTI15_10_IRQHandler  stm32f1xx_it.o
    0x08000234   0x08000234   0x0000009c   Code   RO          404    .text.HAL_DMA_Abort_IT  stm32f1xx_hal_dma.o
    0x080002d0   0x080002d0   0x00000020   Code   RO          274    .text.HAL_Delay     stm32f1xx_hal.o
    0x080002f0   0x080002f0   0x00000058   Code   RO           51    .text.HAL_GPIO_EXTI_Callback  tasks.o
    0x08000348   0x08000348   0x00000014   Code   RO          379    .text.HAL_GPIO_EXTI_IRQHandler  stm32f1xx_hal_gpio.o
    0x0800035c   0x0800035c   0x0000019c   Code   RO          367    .text.HAL_GPIO_Init  stm32f1xx_hal_gpio.o
    0x080004f8   0x080004f8   0x0000000a   Code   RO          371    .text.HAL_GPIO_ReadPin  stm32f1xx_hal_gpio.o
    0x08000502   0x08000502   0x0000000a   Code   RO          373    .text.HAL_GPIO_WritePin  stm32f1xx_hal_gpio.o
    0x0800050c   0x0800050c   0x00000008   Code   RO          266    .text.HAL_GetTick   stm32f1xx_hal.o
    0x08000514   0x08000514   0x00000014   Code   RO          264    .text.HAL_IncTick   stm32f1xx_hal.o
    0x08000528   0x08000528   0x00000016   Code   RO          254    .text.HAL_Init      stm32f1xx_hal.o
    0x0800053e   0x0800053e   0x00000002   PAD
    0x08000540   0x08000540   0x0000003c   Code   RO          256    .text.HAL_InitTick  stm32f1xx_hal.o
    0x0800057c   0x0800057c   0x00000040   Code   RO          122    .text.HAL_MspInit   stm32f1xx_hal_msp.o
    0x080005bc   0x080005bc   0x0000001c   Code   RO          433    .text.HAL_NVIC_EnableIRQ  stm32f1xx_hal_cortex.o
    0x080005d8   0x080005d8   0x0000003c   Code   RO          429    .text.HAL_NVIC_SetPriority  stm32f1xx_hal_cortex.o
    0x08000614   0x08000614   0x00000020   Code   RO          427    .text.HAL_NVIC_SetPriorityGrouping  stm32f1xx_hal_cortex.o
    0x08000634   0x08000634   0x0000000c   Code   RO          472    .text.HAL_PWR_EnableBkUpAccess  stm32f1xx_hal_pwr.o
    0x08000640   0x08000640   0x000000c8   Code   RO          356    .text.HAL_RCCEx_GetPeriphCLKFreq  stm32f1xx_hal_rcc_ex.o
    0x08000708   0x08000708   0x000000f0   Code   RO          352    .text.HAL_RCCEx_PeriphCLKConfig  stm32f1xx_hal_rcc_ex.o
    0x080007f8   0x080007f8   0x00000140   Code   RO          319    .text.HAL_RCC_ClockConfig  stm32f1xx_hal_rcc.o
    0x08000938   0x08000938   0x00000014   Code   RO          331    .text.HAL_RCC_GetPCLK1Freq  stm32f1xx_hal_rcc.o
    0x0800094c   0x0800094c   0x00000018   Code   RO          333    .text.HAL_RCC_GetPCLK2Freq  stm32f1xx_hal_rcc.o
    0x08000964   0x08000964   0x00000058   Code   RO          321    .text.HAL_RCC_GetSysClockFreq  stm32f1xx_hal_rcc.o
    0x080009bc   0x080009bc   0x00000324   Code   RO          317    .text.HAL_RCC_OscConfig  stm32f1xx_hal_rcc.o
    0x08000ce0   0x08000ce0   0x0000009c   Code   RO          160    .text.HAL_RTC_Init  stm32f1xx_hal_rtc.o
    0x08000d7c   0x08000d7c   0x0000003c   Code   RO          124    .text.HAL_RTC_MspInit  stm32f1xx_hal_msp.o
    0x08000db8   0x08000db8   0x000000c8   Code   RO          186    .text.HAL_RTC_SetDate  stm32f1xx_hal_rtc.o
    0x08000e80   0x08000e80   0x000000c8   Code   RO          174    .text.HAL_RTC_SetTime  stm32f1xx_hal_rtc.o
    0x08000f48   0x08000f48   0x00000038   Code   RO          164    .text.HAL_RTC_WaitForSynchro  stm32f1xx_hal_rtc.o
    0x08000f80   0x08000f80   0x0000007a   Code   RO          605    .text.HAL_SPI_Init  stm32f1xx_hal_spi.o
    0x08000ffa   0x08000ffa   0x00000002   PAD
    0x08000ffc   0x08000ffc   0x00000060   Code   RO          128    .text.HAL_SPI_MspInit  stm32f1xx_hal_msp.o
    0x0800105c   0x0800105c   0x00000162   Code   RO          613    .text.HAL_SPI_Transmit  stm32f1xx_hal_spi.o
    0x080011be   0x080011be   0x00000002   PAD
    0x080011c0   0x080011c0   0x00000028   Code   RO          441    .text.HAL_SYSTICK_Config  stm32f1xx_hal_cortex.o
    0x080011e8   0x080011e8   0x00000002   Code   RO          806    .text.HAL_UART_ErrorCallback  stm32f1xx_hal_uart.o
    0x080011ea   0x080011ea   0x00000002   PAD
    0x080011ec   0x080011ec   0x00000168   Code   RO          800    .text.HAL_UART_IRQHandler  stm32f1xx_hal_uart.o
    0x08001354   0x08001354   0x0000005c   Code   RO          726    .text.HAL_UART_Init  stm32f1xx_hal_uart.o
    0x080013b0   0x080013b0   0x000000f8   Code   RO          132    .text.HAL_UART_MspInit  stm32f1xx_hal_msp.o
    0x080014a8   0x080014a8   0x000000ac   Code   RO          746    .text.HAL_UART_Receive  stm32f1xx_hal_uart.o
    0x08001554   0x08001554   0x0000004c   Code   RO          750    .text.HAL_UART_Receive_IT  stm32f1xx_hal_uart.o
    0x080015a0   0x080015a0   0x00000084   Code   RO           49    .text.HAL_UART_RxCpltCallback  tasks.o
    0x08001624   0x08001624   0x000000ae   Code   RO          742    .text.HAL_UART_Transmit  stm32f1xx_hal_uart.o
    0x080016d2   0x080016d2   0x00000002   Code   RO          808    .text.HAL_UART_TxCpltCallback  stm32f1xx_hal_uart.o
    0x080016d4   0x080016d4   0x00000002   Code   RO           92    .text.HardFault_Handler  stm32f1xx_it.o
    0x080016d6   0x080016d6   0x00000002   Code   RO           94    .text.MemManage_Handler  stm32f1xx_it.o
    0x080016d8   0x080016d8   0x00000002   Code   RO           90    .text.NMI_Handler   stm32f1xx_it.o
    0x080016da   0x080016da   0x00000002   PAD
    0x080016dc   0x080016dc   0x0000003c   Code   RO          863    .text.OLED_Clear    oled.o
    0x08001718   0x08001718   0x00000028   Code   RO           21    .text.OLED_Clear_OV  usr_oled.o
    0x08001740   0x08001740   0x000000f8   Code   RO          877    .text.OLED_Init     oled.o
    0x08001838   0x08001838   0x00000030   Code   RO          857    .text.OLED_Set_Pos  oled.o
    0x08001868   0x08001868   0x00000070   Code   RO          865    .text.OLED_ShowChar  oled.o
    0x080018d8   0x080018d8   0x00000080   Code   RO          869    .text.OLED_ShowNum  oled.o
    0x08001958   0x08001958   0x0000002c   Code   RO          871    .text.OLED_ShowString  oled.o
    0x08001984   0x08001984   0x00000030   Code   RO          855    .text.OLED_WR_Byte  oled.o
    0x080019b4   0x080019b4   0x00000078   Code   RO           19    .text.OLED_show_OV  usr_oled.o
    0x08001a2c   0x08001a2c   0x0000008c   Code   RO           25    .text.OLED_show_TH  usr_oled.o
    0x08001ab8   0x08001ab8   0x00000054   Code   RO           13    .text.OLED_show_UI  usr_oled.o
    0x08001b0c   0x08001b0c   0x000000a4   Code   RO           23    .text.OLED_show_data  usr_oled.o
    0x08001bb0   0x08001bb0   0x00000070   Code   RO           15    .text.OLED_show_selecter  usr_oled.o
    0x08001c20   0x08001c20   0x00000060   Code   RO           17    .text.OLED_show_subselecter  usr_oled.o
    0x08001c80   0x08001c80   0x00000050   Code   RO           55    .text.OLED_task     tasks.o
    0x08001cd0   0x08001cd0   0x0000000e   Code   RO           11    .text.OLED_usr_init  usr_oled.o
    0x08001cde   0x08001cde   0x00000002   Code   RO          104    .text.PendSV_Handler  stm32f1xx_it.o
    0x08001ce0   0x08001ce0   0x00000030   Code   RO          166    .text.RTC_EnterInitMode  stm32f1xx_hal_rtc.o
    0x08001d10   0x08001d10   0x00000032   Code   RO          168    .text.RTC_ExitInitMode  stm32f1xx_hal_rtc.o
    0x08001d42   0x08001d42   0x00000022   Code   RO          182    .text.RTC_ReadTimeCounter  stm32f1xx_hal_rtc.o
    0x08001d64   0x08001d64   0x00000058   Code   RO          188    .text.RTC_WeekDayNum  stm32f1xx_hal_rtc.o
    0x08001dbc   0x08001dbc   0x00000028   Code   RO          178    .text.RTC_WriteAlarmCounter  stm32f1xx_hal_rtc.o
    0x08001de4   0x08001de4   0x00000028   Code   RO          176    .text.RTC_WriteTimeCounter  stm32f1xx_hal_rtc.o
    0x08001e0c   0x08001e0c   0x00000022   Code   RO          615    .text.SPI_EndRxTxTransaction  stm32f1xx_hal_spi.o
    0x08001e2e   0x08001e2e   0x00000080   Code   RO          713    .text.SPI_WaitFlagStateUntilTimeout  stm32f1xx_hal_spi.o
    0x08001eae   0x08001eae   0x00000002   Code   RO          100    .text.SVC_Handler   stm32f1xx_it.o
    0x08001eb0   0x08001eb0   0x00000004   Code   RO          106    .text.SysTick_Handler  stm32f1xx_it.o
    0x08001eb4   0x08001eb4   0x0000005a   Code   RO           72    .text.SystemClock_Config  main.o
    0x08001f0e   0x08001f0e   0x00000002   PAD
    0x08001f10   0x08001f10   0x0000004c   Code   RO          839    .text.SystemInit    system_stm32f1xx.o
    0x08001f5c   0x08001f5c   0x0000008c   Code   RO           57    .text.TH_task       tasks.o
    0x08001fe8   0x08001fe8   0x0000000c   Code   RO          804    .text.UART_DMAAbortOnError  stm32f1xx_hal_uart.o
    0x08001ff4   0x08001ff4   0x0000001a   Code   RO          772    .text.UART_EndRxTransfer  stm32f1xx_hal_uart.o
    0x0800200e   0x0800200e   0x00000078   Code   RO          802    .text.UART_Receive_IT  stm32f1xx_hal_uart.o
    0x08002086   0x08002086   0x00000002   PAD
    0x08002088   0x08002088   0x00000084   Code   RO          730    .text.UART_SetConfig  stm32f1xx_hal_uart.o
    0x0800210c   0x0800210c   0x00000058   Code   RO          744    .text.UART_WaitOnFlagUntilTimeout  stm32f1xx_hal_uart.o
    0x08002164   0x08002164   0x00000008   Code   RO          108    .text.USART1_IRQHandler  stm32f1xx_it.o
    0x0800216c   0x0800216c   0x00000008   Code   RO          110    .text.USART3_IRQHandler  stm32f1xx_it.o
    0x08002174   0x08002174   0x00000002   Code   RO           98    .text.UsageFault_Handler  stm32f1xx_it.o
    0x08002176   0x08002176   0x00000002   PAD
    0x08002178   0x08002178   0x00000078   Code   RO           37    .text.ZB_init_USR   zb_usr.o
    0x080021f0   0x080021f0   0x00000024   Code   RO          431    .text.__NVIC_SetPriority  stm32f1xx_hal_cortex.o
    0x08002214   0x08002214   0x00000218   Code   RO           70    .text.main          main.o
    0x0800242c   0x0800242c   0x00000250   Code   RO           53    .text.mode_task     tasks.o
    0x0800267c   0x0800267c   0x00000010   Code   RO          867    .text.oled_pow      oled.o
    0x0800268c   0x0800268c   0x0000000e   Code   RO          920    i.__scatterload_copy  mc_w.l(handlers.o)
    0x0800269a   0x0800269a   0x00000002   Code   RO          921    i.__scatterload_null  mc_w.l(handlers.o)
    0x0800269c   0x0800269c   0x0000000e   Code   RO          922    i.__scatterload_zeroinit  mc_w.l(handlers.o)
    0x080026aa   0x080026aa   0x00000010   Data   RO          844    .rodata.AHBPrescTable  system_stm32f1xx.o
    0x080026ba   0x080026ba   0x00000008   Data   RO          845    .rodata.APBPrescTable  system_stm32f1xx.o
    0x080026c2   0x080026c2   0x000005f0   Data   RO          880    .rodata.F8X16       oled.o
    0x08002cb2   0x08002cb2   0x0000000e   Data   RO           27    .rodata.str1.1      usr_oled.o
    0x08002cc0   0x08002cc0   0x00000020   Data   RO          919    Region$$Table       anon$$obj.o


    Execution Region RW_IRAM1 (Exec base: 0x20000000, Load base: 0x08002ce0, Size: 0x00000540, Max: 0x00005000, ABSOLUTE)

    Exec Addr    Load Addr    Size         Type   Attr      Idx    E Section Name        Object

    0x20000000   0x08002ce0   0x00000002   Data   RW           59    .data..L_MergedGlobals  tasks.o
    0x20000002   0x08002ce2   0x00000002   PAD
    0x20000004   0x08002ce4   0x00000008   Data   RW          305    .data..L_MergedGlobals  stm32f1xx_hal.o
    0x2000000c   0x08002cec   0x00000004   Data   RW          843    .data.SystemCoreClock  system_stm32f1xx.o
    0x20000010        -       0x00000058   Zero   RW           80    .bss..L_MergedGlobals  main.o
    0x20000068        -       0x00000038   Zero   RW           60    .bss..L_MergedGlobals.1  tasks.o
    0x200000a0        -       0x00000058   Zero   RW           77    .bss.hspi1          main.o
    0x200000f8        -       0x00000040   Zero   RW           78    .bss.huart1         main.o
    0x20000138        -       0x00000004   Zero   RW          304    .bss.uwTick         stm32f1xx_hal.o
    0x2000013c        -       0x00000001   Zero   RW           76    .bss.y              main.o
    0x2000013d   0x08002cf0   0x00000003   PAD
    0x20000140        -       0x00000400   Zero   RW            1    STACK               startup_stm32f103xb.o


==============================================================================

Image component sizes


      Code (inc. data)   RO Data    RW Data    ZI Data      Debug   Object Name

       626         44          0          0        241       8395   main.o
       704         24       1520          0          0       4482   oled.o
        36          8        236          0       1024        760   startup_stm32f103xb.o
       142          8          0          8          4       5533   stm32f1xx_hal.o
       196         28          0          0          0       7826   stm32f1xx_hal_cortex.o
       156         24          0          0          0       6523   stm32f1xx_hal_dma.o
       452         56          0          0          0       4222   stm32f1xx_hal_gpio.o
       468         44          0          0          0       7896   stm32f1xx_hal_msp.o
        12          4          0          0          0       4105   stm32f1xx_hal_pwr.o
      1256         68          0          0          0       6877   stm32f1xx_hal_rcc.o
       440         32          0          0          0       3282   stm32f1xx_hal_rcc_ex.o
       912         12          0          0          0      12364   stm32f1xx_hal_rtc.o
       638          0          0          0          0      18753   stm32f1xx_hal_spi.o
      1256          8          0          0          0      15620   stm32f1xx_hal_uart.o
        76          4          0          0          0       1396   stm32f1xx_it.o
        76         16         24          4          0       2057   system_stm32f1xx.o
      1032         60          0          2         56       5918   tasks.o
       770         80         14          0          0       2968   usr_oled.o
       120         52          0          0          0        610   zb_usr.o

    ----------------------------------------------------------------------
      9384        572       1826         16       1328     119587   Object Totals
         0          0         32          0          0          0   (incl. Generated)
        16          0          0          2          3          0   (incl. Padding)

    ----------------------------------------------------------------------

      Code (inc. data)   RO Data    RW Data    ZI Data      Debug   Library Member Name

         0          0          0          0          0          0   entry.o
         0          0          0          0          0          0   entry10a.o
         0          0          0          0          0          0   entry11a.o
         8          4          0          0          0          0   entry2.o
         4          0          0          0          0          0   entry5.o
         0          0          0          0          0          0   entry7b.o
         0          0          0          0          0          0   entry8b.o
         8          4          0          0          0          0   entry9a.o
        30          0          0          0          0          0   handlers.o
        36          8          0          0          0         68   init.o
         0          0          0          0          0          0   iusefp.o
        50          0          0          0          0         68   ffixi.o
        40          0          0          0          0         68   ffixui.o
       100          0          0          0          0         76   fmul.o

    ----------------------------------------------------------------------
       278         16          0          0          0        280   Library Totals
         2          0          0          0          0          0   (incl. Padding)

    ----------------------------------------------------------------------

      Code (inc. data)   RO Data    RW Data    ZI Data      Debug   Library Name

        86         16          0          0          0         68   mc_w.l
       190          0          0          0          0        212   mf_w.l

    ----------------------------------------------------------------------
       278         16          0          0          0        280   Library Totals

    ----------------------------------------------------------------------

==============================================================================


      Code (inc. data)   RO Data    RW Data    ZI Data      Debug   

      9662        588       1826         16       1328     119747   Grand Totals
      9662        588       1826         16       1328     119747   ELF Image Totals
      9662        588       1826         16          0          0   ROM Totals

==============================================================================

    Total RO  Size (Code + RO Data)                11488 (  11.22kB)
    Total RW  Size (RW Data + ZI Data)              1344 (   1.31kB)
    Total ROM Size (Code + RO Data + RW Data)      11504 (  11.23kB)

==============================================================================

